Component: ARM Compiler 6.16 Tool: armlink [5dfeaa00]

==============================================================================

Section Cross References

    startup_stm32g030xx.o(RESET) refers to startup_stm32g030xx.o(STACK) for __initial_sp
    startup_stm32g030xx.o(RESET) refers to startup_stm32g030xx.o(.text) for Reset_Handler
    startup_stm32g030xx.o(RESET) refers to stm32g0xx_it.o(.text.NMI_Handler) for NMI_Handler
    startup_stm32g030xx.o(RESET) refers to stm32g0xx_it.o(.text.HardFault_Handler) for HardFault_Handler
    startup_stm32g030xx.o(RESET) refers to stm32g0xx_it.o(.text.SVC_Handler) for SVC_Handler
    startup_stm32g030xx.o(RESET) refers to stm32g0xx_it.o(.text.PendSV_Handler) for PendSV_Handler
    startup_stm32g030xx.o(RESET) refers to stm32g0xx_it.o(.text.SysTick_Handler) for SysTick_Handler
    startup_stm32g030xx.o(RESET) refers to stm32g0xx_it.o(.text.EXTI4_15_IRQHandler) for EXTI4_15_IRQHandler
    startup_stm32g030xx.o(RESET) refers to stm32g0xx_it.o(.text.TIM1_BRK_UP_TRG_COM_IRQHandler) for TIM1_BRK_UP_TRG_COM_IRQHandler
    startup_stm32g030xx.o(RESET) refers to stm32g0xx_it.o(.text.TIM14_IRQHandler) for TIM14_IRQHandler
    startup_stm32g030xx.o(.text) refers to system_stm32g0xx.o(.text.SystemInit) for SystemInit
    startup_stm32g030xx.o(.text) refers to entry.o(.ARM.Collect$$$$00000000) for __main
    main.o(.text.main) refers to eventrecorder.o(.text.EventRecorderInitialize) for EventRecorderInitialize
    main.o(.text.main) refers to eventrecorder.o(.text.EventRecorderStart) for EventRecorderStart
    main.o(.text.main) refers to eventrecorder.o(.text.EventRecord2) for EventRecord2
    main.o(.text.main) refers to stm32g0xx_hal.o(.text.HAL_Init) for HAL_Init
    main.o(.text.main) refers to main.o(.text.SystemClock_Config) for SystemClock_Config
    main.o(.text.main) refers to gpio.o(.text.MX_GPIO_Init) for MX_GPIO_Init
    main.o(.text.main) refers to tim.o(.text.MX_TIM1_Init) for MX_TIM1_Init
    main.o(.text.main) refers to tim.o(.text.MX_TIM14_Init) for MX_TIM14_Init
    main.o(.text.main) refers to main_loop.o(.text.main_loop) for main_loop
    main.o(.text.main) refers to main.o(.rodata.str1.1) for [Anonymous Symbol]
    main.o(.ARM.exidx.text.main) refers to main.o(.text.main) for [Anonymous Symbol]
    main.o(.text.SystemClock_Config) refers to memseta.o(.text) for __aeabi_memclr4
    main.o(.text.SystemClock_Config) refers to stm32g0xx_hal_pwr_ex.o(.text.HAL_PWREx_ControlVoltageScaling) for HAL_PWREx_ControlVoltageScaling
    main.o(.text.SystemClock_Config) refers to stm32g0xx_hal_rcc.o(.text.HAL_RCC_OscConfig) for HAL_RCC_OscConfig
    main.o(.text.SystemClock_Config) refers to stm32g0xx_hal_rcc.o(.text.HAL_RCC_ClockConfig) for HAL_RCC_ClockConfig
    main.o(.text.SystemClock_Config) refers to main.o(.text.Error_Handler) for Error_Handler
    main.o(.ARM.exidx.text.SystemClock_Config) refers to main.o(.text.SystemClock_Config) for [Anonymous Symbol]
    main.o(.ARM.exidx.text.Error_Handler) refers to main.o(.text.Error_Handler) for [Anonymous Symbol]
    gpio.o(.text.MX_GPIO_Init) refers to stm32g0xx_hal_gpio.o(.text.HAL_GPIO_WritePin) for HAL_GPIO_WritePin
    gpio.o(.text.MX_GPIO_Init) refers to stm32g0xx_hal_gpio.o(.text.HAL_GPIO_Init) for HAL_GPIO_Init
    gpio.o(.text.MX_GPIO_Init) refers to stm32g0xx_hal_cortex.o(.text.HAL_NVIC_SetPriority) for HAL_NVIC_SetPriority
    gpio.o(.text.MX_GPIO_Init) refers to stm32g0xx_hal_cortex.o(.text.HAL_NVIC_EnableIRQ) for HAL_NVIC_EnableIRQ
    gpio.o(.ARM.exidx.text.MX_GPIO_Init) refers to gpio.o(.text.MX_GPIO_Init) for [Anonymous Symbol]
    tim.o(.text.MX_TIM1_Init) refers to stm32g0xx_hal_tim.o(.text.HAL_TIM_Base_Init) for HAL_TIM_Base_Init
    tim.o(.text.MX_TIM1_Init) refers to main.o(.text.Error_Handler) for Error_Handler
    tim.o(.text.MX_TIM1_Init) refers to stm32g0xx_hal_tim.o(.text.HAL_TIM_ConfigClockSource) for HAL_TIM_ConfigClockSource
    tim.o(.text.MX_TIM1_Init) refers to stm32g0xx_hal_tim_ex.o(.text.HAL_TIMEx_MasterConfigSynchronization) for HAL_TIMEx_MasterConfigSynchronization
    tim.o(.text.MX_TIM1_Init) refers to tim.o(.bss.htim1) for htim1
    tim.o(.ARM.exidx.text.MX_TIM1_Init) refers to tim.o(.text.MX_TIM1_Init) for [Anonymous Symbol]
    tim.o(.text.MX_TIM14_Init) refers to stm32g0xx_hal_tim.o(.text.HAL_TIM_Base_Init) for HAL_TIM_Base_Init
    tim.o(.text.MX_TIM14_Init) refers to main.o(.text.Error_Handler) for Error_Handler
    tim.o(.text.MX_TIM14_Init) refers to stm32g0xx_hal_tim.o(.text.HAL_TIM_OnePulse_Init) for HAL_TIM_OnePulse_Init
    tim.o(.text.MX_TIM14_Init) refers to tim.o(.bss.htim14) for htim14
    tim.o(.ARM.exidx.text.MX_TIM14_Init) refers to tim.o(.text.MX_TIM14_Init) for [Anonymous Symbol]
    tim.o(.text.HAL_TIM_Base_MspInit) refers to stm32g0xx_hal_cortex.o(.text.HAL_NVIC_SetPriority) for HAL_NVIC_SetPriority
    tim.o(.text.HAL_TIM_Base_MspInit) refers to stm32g0xx_hal_cortex.o(.text.HAL_NVIC_EnableIRQ) for HAL_NVIC_EnableIRQ
[...]
    Removing stm32g0xx_hal_flash_ex.o(.text.FLASH_OB_GetRDP), (32 bytes).
    Removing stm32g0xx_hal_flash_ex.o(.ARM.exidx.text.FLASH_OB_GetRDP), (8 bytes).
    Removing stm32g0xx_hal_flash_ex.o(.text.HAL_FLASHEx_OBGetConfig), (44 bytes).
    Removing stm32g0xx_hal_flash_ex.o(.ARM.exidx.text.HAL_FLASHEx_OBGetConfig), (8 bytes).
    Removing stm32g0xx_hal_flash_ex.o(.text.FLASH_OB_GetWRP), (32 bytes).
    Removing stm32g0xx_hal_flash_ex.o(.ARM.exidx.text.FLASH_OB_GetWRP), (8 bytes).
    Removing stm32g0xx_hal_flash_ex.o(.text.HAL_FLASHEx_FlashEmptyCheck), (16 bytes).
    Removing stm32g0xx_hal_flash_ex.o(.ARM.exidx.text.HAL_FLASHEx_FlashEmptyCheck), (8 bytes).
    Removing stm32g0xx_hal_flash_ex.o(.text.HAL_FLASHEx_ForceFlashEmpty), (20 bytes).
    Removing stm32g0xx_hal_flash_ex.o(.ARM.exidx.text.HAL_FLASHEx_ForceFlashEmpty), (8 bytes).
    Removing stm32g0xx_hal_flash_ex.o(.text.FLASH_FlushCaches), (44 bytes).
    Removing stm32g0xx_hal_flash_ex.o(.ARM.exidx.text.FLASH_FlushCaches), (8 bytes).
    Removing stm32g0xx_hal_gpio.o(.text), (0 bytes).
    Removing stm32g0xx_hal_gpio.o(.ARM.exidx.text.HAL_GPIO_Init), (8 bytes).
    Removing stm32g0xx_hal_gpio.o(.text.HAL_GPIO_DeInit), (284 bytes).
    Removing stm32g0xx_hal_gpio.o(.ARM.exidx.text.HAL_GPIO_DeInit), (8 bytes).
    Removing stm32g0xx_hal_gpio.o(.ARM.exidx.text.HAL_GPIO_ReadPin), (8 bytes).
    Removing stm32g0xx_hal_gpio.o(.ARM.exidx.text.HAL_GPIO_WritePin), (8 bytes).
    Removing stm32g0xx_hal_gpio.o(.text.HAL_GPIO_TogglePin), (16 bytes).
    Removing stm32g0xx_hal_gpio.o(.ARM.exidx.text.HAL_GPIO_TogglePin), (8 bytes).
    Removing stm32g0xx_hal_gpio.o(.text.HAL_GPIO_LockPin), (40 bytes).
    Removing stm32g0xx_hal_gpio.o(.ARM.exidx.text.HAL_GPIO_LockPin), (8 bytes).
    Removing stm32g0xx_hal_gpio.o(.ARM.exidx.text.HAL_GPIO_EXTI_IRQHandler), (8 bytes).
    Removing stm32g0xx_hal_gpio.o(.ARM.exidx.text.HAL_GPIO_EXTI_Rising_Callback), (8 bytes).
    Removing stm32g0xx_hal_gpio.o(.text.HAL_GPIO_EXTI_Falling_Callback), (2 bytes).
    Removing stm32g0xx_hal_gpio.o(.ARM.exidx.text.HAL_GPIO_EXTI_Falling_Callback), (8 bytes).
    Removing stm32g0xx_hal_dma.o(.text), (0 bytes).
    Removing stm32g0xx_hal_dma.o(.text.HAL_DMA_Init), (180 bytes).
    Removing stm32g0xx_hal_dma.o(.ARM.exidx.text.HAL_DMA_Init), (8 bytes).
    Removing stm32g0xx_hal_dma.o(.text.DMA_CalcDMAMUXChannelBaseAndMask), (48 bytes).
    Removing stm32g0xx_hal_dma.o(.ARM.exidx.text.DMA_CalcDMAMUXChannelBaseAndMask), (8 bytes).
    Removing stm32g0xx_hal_dma.o(.text.DMA_CalcDMAMUXRequestGenBaseAndMask), (40 bytes).
    Removing stm32g0xx_hal_dma.o(.ARM.exidx.text.DMA_CalcDMAMUXRequestGenBaseAndMask), (8 bytes).
    Removing stm32g0xx_hal_dma.o(.text.HAL_DMA_DeInit), (136 bytes).
    Removing stm32g0xx_hal_dma.o(.ARM.exidx.text.HAL_DMA_DeInit), (8 bytes).
    Removing stm32g0xx_hal_dma.o(.text.HAL_DMA_Start), (80 bytes).
    Removing stm32g0xx_hal_dma.o(.ARM.exidx.text.HAL_DMA_Start), (8 bytes).
    Removing stm32g0xx_hal_dma.o(.text.DMA_SetConfig), (68 bytes).
    Removing stm32g0xx_hal_dma.o(.ARM.exidx.text.DMA_SetConfig), (8 bytes).
    Removing stm32g0xx_hal_dma.o(.text.HAL_DMA_Start_IT), (136 bytes).
    Removing stm32g0xx_hal_dma.o(.ARM.exidx.text.HAL_DMA_Start_IT), (8 bytes).
    Removing stm32g0xx_hal_dma.o(.text.HAL_DMA_Abort), (116 bytes).
    Removing stm32g0xx_hal_dma.o(.ARM.exidx.text.HAL_DMA_Abort), (8 bytes).
    Removing stm32g0xx_hal_dma.o(.text.HAL_DMA_Abort_IT), (120 bytes).
    Removing stm32g0xx_hal_dma.o(.ARM.exidx.text.HAL_DMA_Abort_IT), (8 bytes).
    Removing stm32g0xx_hal_dma.o(.text.HAL_DMA_PollForTransfer), (292 bytes).
    Removing stm32g0xx_hal_dma.o(.ARM.exidx.text.HAL_DMA_PollForTransfer), (8 bytes).
    Removing stm32g0xx_hal_dma.o(.text.HAL_DMA_IRQHandler), (184 bytes).
    Removing stm32g0xx_hal_dma.o(.ARM.exidx.text.HAL_DMA_IRQHandler), (8 bytes).
    Removing stm32g0xx_hal_dma.o(.text.HAL_DMA_RegisterCallback), (82 bytes).
    Removing stm32g0xx_hal_dma.o(.ARM.exidx.text.HAL_DMA_RegisterCallback), (8 bytes).
    Removing stm32g0xx_hal_dma.o(.text.HAL_DMA_UnRegisterCallback), (102 bytes).
    Removing stm32g0xx_hal_dma.o(.ARM.exidx.text.HAL_DMA_UnRegisterCallback), (8 bytes).
    Removing stm32g0xx_hal_dma.o(.text.HAL_DMA_GetState), (6 bytes).
    Removing stm32g0xx_hal_dma.o(.ARM.exidx.text.HAL_DMA_GetState), (8 bytes).
    Removing stm32g0xx_hal_dma.o(.text.HAL_DMA_GetError), (4 bytes).
    Removing stm32g0xx_hal_dma.o(.ARM.exidx.text.HAL_DMA_GetError), (8 bytes).
    Removing stm32g0xx_hal_dma_ex.o(.text), (0 bytes).
    Removing stm32g0xx_hal_dma_ex.o(.text.HAL_DMAEx_ConfigMuxSync), (84 bytes).
    Removing stm32g0xx_hal_dma_ex.o(.ARM.exidx.text.HAL_DMAEx_ConfigMuxSync), (8 bytes).
    Removing stm32g0xx_hal_dma_ex.o(.text.HAL_DMAEx_ConfigMuxRequestGenerator), (80 bytes).
    Removing stm32g0xx_hal_dma_ex.o(.ARM.exidx.text.HAL_DMAEx_ConfigMuxRequestGenerator), (8 bytes).
    Removing stm32g0xx_hal_dma_ex.o(.text.HAL_DMAEx_EnableMuxRequestGenerator), (32 bytes).
    Removing stm32g0xx_hal_dma_ex.o(.ARM.exidx.text.HAL_DMAEx_EnableMuxRequestGenerator), (8 bytes).
    Removing stm32g0xx_hal_dma_ex.o(.text.HAL_DMAEx_DisableMuxRequestGenerator), (32 bytes).
    Removing stm32g0xx_hal_dma_ex.o(.ARM.exidx.text.HAL_DMAEx_DisableMuxRequestGenerator), (8 bytes).
    Removing stm32g0xx_hal_dma_ex.o(.text.HAL_DMAEx_MUX_IRQHandler), (96 bytes).
    Removing stm32g0xx_hal_dma_ex.o(.ARM.exidx.text.HAL_DMAEx_MUX_IRQHandler), (8 bytes).
    Removing stm32g0xx_ll_dma.o(.text), (0 bytes).
    Removing stm32g0xx_hal_pwr.o(.text), (0 bytes).
    Removing stm32g0xx_hal_pwr.o(.text.HAL_PWR_DeInit), (24 bytes).
    Removing stm32g0xx_hal_pwr.o(.ARM.exidx.text.HAL_PWR_DeInit), (8 bytes).
    Removing stm32g0xx_hal_pwr.o(.text.HAL_PWR_EnableBkUpAccess), (20 bytes).
    Removing stm32g0xx_hal_pwr.o(.ARM.exidx.text.HAL_PWR_EnableBkUpAccess), (8 bytes).
    Removing stm32g0xx_hal_pwr.o(.text.HAL_PWR_DisableBkUpAccess), (20 bytes).
    Removing stm32g0xx_hal_pwr.o(.ARM.exidx.text.HAL_PWR_DisableBkUpAccess), (8 bytes).
    Removing stm32g0xx_hal_pwr.o(.text.HAL_PWR_EnableWakeUpPin), (28 bytes).
    Removing stm32g0xx_hal_pwr.o(.ARM.exidx.text.HAL_PWR_EnableWakeUpPin), (8 bytes).
    Removing stm32g0xx_hal_pwr.o(.text.HAL_PWR_DisableWakeUpPin), (24 bytes).
    Removing stm32g0xx_hal_pwr.o(.ARM.exidx.text.HAL_PWR_DisableWakeUpPin), (8 bytes).
    Removing stm32g0xx_hal_pwr.o(.text.HAL_PWR_EnterSLEEPMode), (76 bytes).
    Removing stm32g0xx_hal_pwr.o(.ARM.exidx.text.HAL_PWR_EnterSLEEPMode), (8 bytes).
    Removing stm32g0xx_hal_pwr.o(.text.HAL_PWR_EnterSTOPMode), (60 bytes).
    Removing stm32g0xx_hal_pwr.o(.ARM.exidx.text.HAL_PWR_EnterSTOPMode), (8 bytes).
    Removing stm32g0xx_hal_pwr.o(.text.HAL_PWR_EnterSTANDBYMode), (36 bytes).
    Removing stm32g0xx_hal_pwr.o(.ARM.exidx.text.HAL_PWR_EnterSTANDBYMode), (8 bytes).
    Removing stm32g0xx_hal_pwr.o(.text.HAL_PWR_EnableSleepOnExit), (16 bytes).
    Removing stm32g0xx_hal_pwr.o(.ARM.exidx.text.HAL_PWR_EnableSleepOnExit), (8 bytes).
    Removing stm32g0xx_hal_pwr.o(.text.HAL_PWR_DisableSleepOnExit), (16 bytes).
    Removing stm32g0xx_hal_pwr.o(.ARM.exidx.text.HAL_PWR_DisableSleepOnExit), (8 bytes).
    Removing stm32g0xx_hal_pwr.o(.text.HAL_PWR_EnableSEVOnPend), (16 bytes).
    Removing stm32g0xx_hal_pwr.o(.ARM.exidx.text.HAL_PWR_EnableSEVOnPend), (8 bytes).
    Removing stm32g0xx_hal_pwr.o(.text.HAL_PWR_DisableSEVOnPend), (16 bytes).
    Removing stm32g0xx_hal_pwr.o(.ARM.exidx.text.HAL_PWR_DisableSEVOnPend), (8 bytes).
    Removing stm32g0xx_hal_pwr_ex.o(.text), (0 bytes).
    Removing stm32g0xx_hal_pwr_ex.o(.text.HAL_PWREx_EnableBatteryCharging), (28 bytes).
    Removing stm32g0xx_hal_pwr_ex.o(.ARM.exidx.text.HAL_PWREx_EnableBatteryCharging), (8 bytes).
    Removing stm32g0xx_hal_pwr_ex.o(.text.HAL_PWREx_DisableBatteryCharging), (20 bytes).
    Removing stm32g0xx_hal_pwr_ex.o(.ARM.exidx.text.HAL_PWREx_DisableBatteryCharging), (8 bytes).
    Removing stm32g0xx_hal_pwr_ex.o(.text.HAL_PWREx_EnableInternalWakeUpLine), (20 bytes).
    Removing stm32g0xx_hal_pwr_ex.o(.ARM.exidx.text.HAL_PWREx_EnableInternalWakeUpLine), (8 bytes).
    Removing stm32g0xx_hal_pwr_ex.o(.text.HAL_PWREx_DisableInternalWakeUpLine), (20 bytes).
    Removing stm32g0xx_hal_pwr_ex.o(.ARM.exidx.text.HAL_PWREx_DisableInternalWakeUpLine), (8 bytes).
    Removing stm32g0xx_hal_pwr_ex.o(.text.HAL_PWREx_EnableGPIOPullUp), (112 bytes).
    Removing stm32g0xx_hal_pwr_ex.o(.ARM.exidx.text.HAL_PWREx_EnableGPIOPullUp), (8 bytes).
    Removing stm32g0xx_hal_pwr_ex.o(.text.HAL_PWREx_DisableGPIOPullUp), (96 bytes).
    Removing stm32g0xx_hal_pwr_ex.o(.ARM.exidx.text.HAL_PWREx_DisableGPIOPullUp), (8 bytes).
    Removing stm32g0xx_hal_pwr_ex.o(.text.HAL_PWREx_EnableGPIOPullDown), (132 bytes).
    Removing stm32g0xx_hal_pwr_ex.o(.ARM.exidx.text.HAL_PWREx_EnableGPIOPullDown), (8 bytes).
    Removing stm32g0xx_hal_pwr_ex.o(.text.HAL_PWREx_DisableGPIOPullDown), (64 bytes).
    Removing stm32g0xx_hal_pwr_ex.o(.ARM.exidx.text.HAL_PWREx_DisableGPIOPullDown), (8 bytes).
    Removing stm32g0xx_hal_pwr_ex.o(.text.HAL_PWREx_EnablePullUpPullDownConfig), (20 bytes).
    Removing stm32g0xx_hal_pwr_ex.o(.ARM.exidx.text.HAL_PWREx_EnablePullUpPullDownConfig), (8 bytes).
    Removing stm32g0xx_hal_pwr_ex.o(.text.HAL_PWREx_DisablePullUpPullDownConfig), (20 bytes).
    Removing stm32g0xx_hal_pwr_ex.o(.ARM.exidx.text.HAL_PWREx_DisablePullUpPullDownConfig), (8 bytes).
    Removing stm32g0xx_hal_pwr_ex.o(.text.HAL_PWREx_EnableFlashPowerDown), (16 bytes).
    Removing stm32g0xx_hal_pwr_ex.o(.ARM.exidx.text.HAL_PWREx_EnableFlashPowerDown), (8 bytes).
    Removing stm32g0xx_hal_pwr_ex.o(.text.HAL_PWREx_DisableFlashPowerDown), (16 bytes).
    Removing stm32g0xx_hal_pwr_ex.o(.ARM.exidx.text.HAL_PWREx_DisableFlashPowerDown), (8 bytes).
    Removing stm32g0xx_hal_pwr_ex.o(.text.HAL_PWREx_GetVoltageRange), (16 bytes).
    Removing stm32g0xx_hal_pwr_ex.o(.ARM.exidx.text.HAL_PWREx_GetVoltageRange), (8 bytes).
    Removing stm32g0xx_hal_pwr_ex.o(.ARM.exidx.text.HAL_PWREx_ControlVoltageScaling), (8 bytes).
    Removing stm32g0xx_hal_pwr_ex.o(.text.HAL_PWREx_EnableLowPowerRunMode), (20 bytes).
    Removing stm32g0xx_hal_pwr_ex.o(.ARM.exidx.text.HAL_PWREx_EnableLowPowerRunMode), (8 bytes).
    Removing stm32g0xx_hal_pwr_ex.o(.text.HAL_PWREx_DisableLowPowerRunMode), (72 bytes).
    Removing stm32g0xx_hal_pwr_ex.o(.ARM.exidx.text.HAL_PWREx_DisableLowPowerRunMode), (8 bytes).
    Removing stm32g0xx_hal_cortex.o(.text), (0 bytes).
    Removing stm32g0xx_hal_cortex.o(.ARM.exidx.text.HAL_NVIC_SetPriority), (8 bytes).
    Removing stm32g0xx_hal_cortex.o(.ARM.exidx.text.__NVIC_SetPriority), (8 bytes).
    Removing stm32g0xx_hal_cortex.o(.ARM.exidx.text.HAL_NVIC_EnableIRQ), (8 bytes).
    Removing stm32g0xx_hal_cortex.o(.ARM.exidx.text.__NVIC_EnableIRQ), (8 bytes).
    Removing stm32g0xx_hal_cortex.o(.text.HAL_NVIC_DisableIRQ), (8 bytes).
    Removing stm32g0xx_hal_cortex.o(.ARM.exidx.text.HAL_NVIC_DisableIRQ), (8 bytes).
    Removing stm32g0xx_hal_cortex.o(.text.__NVIC_DisableIRQ), (32 bytes).
    Removing stm32g0xx_hal_cortex.o(.ARM.exidx.text.__NVIC_DisableIRQ), (8 bytes).
    Removing stm32g0xx_hal_cortex.o(.text.HAL_NVIC_SystemReset), (4 bytes).
    Removing stm32g0xx_hal_cortex.o(.ARM.exidx.text.HAL_NVIC_SystemReset), (8 bytes).
    Removing stm32g0xx_hal_cortex.o(.text.__NVIC_SystemReset), (28 bytes).
    Removing stm32g0xx_hal_cortex.o(.ARM.exidx.text.__NVIC_SystemReset), (8 bytes).
    Removing stm32g0xx_hal_cortex.o(.ARM.exidx.text.HAL_SYSTICK_Config), (8 bytes).
    Removing stm32g0xx_hal_cortex.o(.ARM.exidx.text.SysTick_Config), (8 bytes).
    Removing stm32g0xx_hal_cortex.o(.text.HAL_NVIC_GetPriority), (8 bytes).
    Removing stm32g0xx_hal_cortex.o(.ARM.exidx.text.HAL_NVIC_GetPriority), (8 bytes).
    Removing stm32g0xx_hal_cortex.o(.text.__NVIC_GetPriority), (52 bytes).
    Removing stm32g0xx_hal_cortex.o(.ARM.exidx.text.__NVIC_GetPriority), (8 bytes).
    Removing stm32g0xx_hal_cortex.o(.text.HAL_NVIC_SetPendingIRQ), (8 bytes).
    Removing stm32g0xx_hal_cortex.o(.ARM.exidx.text.HAL_NVIC_SetPendingIRQ), (8 bytes).
    Removing stm32g0xx_hal_cortex.o(.text.__NVIC_SetPendingIRQ), (24 bytes).
    Removing stm32g0xx_hal_cortex.o(.ARM.exidx.text.__NVIC_SetPendingIRQ), (8 bytes).
    Removing stm32g0xx_hal_cortex.o(.text.HAL_NVIC_GetPendingIRQ), (8 bytes).
    Removing stm32g0xx_hal_cortex.o(.ARM.exidx.text.HAL_NVIC_GetPendingIRQ), (8 bytes).
    Removing stm32g0xx_hal_cortex.o(.text.__NVIC_GetPendingIRQ), (28 bytes).
    Removing stm32g0xx_hal_cortex.o(.ARM.exidx.text.__NVIC_GetPendingIRQ), (8 bytes).
    Removing stm32g0xx_hal_cortex.o(.text.HAL_NVIC_ClearPendingIRQ), (8 bytes).
    Removing stm32g0xx_hal_cortex.o(.ARM.exidx.text.HAL_NVIC_ClearPendingIRQ), (8 bytes).
    Removing stm32g0xx_hal_cortex.o(.text.__NVIC_ClearPendingIRQ), (24 bytes).
    Removing stm32g0xx_hal_cortex.o(.ARM.exidx.text.__NVIC_ClearPendingIRQ), (8 bytes).
    Removing stm32g0xx_hal_cortex.o(.text.HAL_SYSTICK_CLKSourceConfig), (28 bytes).
    Removing stm32g0xx_hal_cortex.o(.ARM.exidx.text.HAL_SYSTICK_CLKSourceConfig), (8 bytes).
    Removing stm32g0xx_hal_cortex.o(.text.HAL_SYSTICK_IRQHandler), (8 bytes).
    Removing stm32g0xx_hal_cortex.o(.ARM.exidx.text.HAL_SYSTICK_IRQHandler), (8 bytes).
    Removing stm32g0xx_hal_cortex.o(.text.HAL_SYSTICK_Callback), (2 bytes).
    Removing stm32g0xx_hal_cortex.o(.ARM.exidx.text.HAL_SYSTICK_Callback), (8 bytes).
    Removing stm32g0xx_hal_cortex.o(.text.HAL_MPU_Enable), (24 bytes).
    Removing stm32g0xx_hal_cortex.o(.ARM.exidx.text.HAL_MPU_Enable), (8 bytes).
    Removing stm32g0xx_hal_cortex.o(.text.HAL_MPU_Disable), (16 bytes).
    Removing stm32g0xx_hal_cortex.o(.ARM.exidx.text.HAL_MPU_Disable), (8 bytes).
    Removing stm32g0xx_hal_cortex.o(.text.HAL_MPU_ConfigRegion), (84 bytes).
    Removing stm32g0xx_hal_cortex.o(.ARM.exidx.text.HAL_MPU_ConfigRegion), (8 bytes).
    Removing stm32g0xx_hal.o(.text), (0 bytes).
    Removing stm32g0xx_hal.o(.ARM.exidx.text.HAL_Init), (8 bytes).
    Removing stm32g0xx_hal.o(.ARM.exidx.text.HAL_InitTick), (8 bytes).
    Removing stm32g0xx_hal.o(.text.HAL_MspInit), (2 bytes).
    Removing stm32g0xx_hal.o(.ARM.exidx.text.HAL_MspInit), (8 bytes).
    Removing stm32g0xx_hal.o(.text.HAL_DeInit), (36 bytes).
    Removing stm32g0xx_hal.o(.ARM.exidx.text.HAL_DeInit), (8 bytes).
    Removing stm32g0xx_hal.o(.text.HAL_MspDeInit), (2 bytes).
    Removing stm32g0xx_hal.o(.ARM.exidx.text.HAL_MspDeInit), (8 bytes).
    Removing stm32g0xx_hal.o(.ARM.exidx.text.HAL_IncTick), (8 bytes).
    Removing stm32g0xx_hal.o(.ARM.exidx.text.HAL_GetTick), (8 bytes).
    Removing stm32g0xx_hal.o(.text.HAL_GetTickPrio), (12 bytes).
    Removing stm32g0xx_hal.o(.ARM.exidx.text.HAL_GetTickPrio), (8 bytes).
    Removing stm32g0xx_hal.o(.text.HAL_SetTickFreq), (40 bytes).
    Removing stm32g0xx_hal.o(.ARM.exidx.text.HAL_SetTickFreq), (8 bytes).
    Removing stm32g0xx_hal.o(.text.HAL_GetTickFreq), (12 bytes).
    Removing stm32g0xx_hal.o(.ARM.exidx.text.HAL_GetTickFreq), (8 bytes).
    Removing stm32g0xx_hal.o(.ARM.exidx.text.HAL_Delay), (8 bytes).
    Removing stm32g0xx_hal.o(.text.HAL_SuspendTick), (16 bytes).
    Removing stm32g0xx_hal.o(.ARM.exidx.text.HAL_SuspendTick), (8 bytes).
    Removing stm32g0xx_hal.o(.text.HAL_ResumeTick), (16 bytes).
    Removing stm32g0xx_hal.o(.ARM.exidx.text.HAL_ResumeTick), (8 bytes).
    Removing stm32g0xx_hal.o(.text.HAL_GetHalVersion), (8 bytes).
    Removing stm32g0xx_hal.o(.ARM.exidx.text.HAL_GetHalVersion), (8 bytes).
    Removing stm32g0xx_hal.o(.text.HAL_GetREVID), (12 bytes).
    Removing stm32g0xx_hal.o(.ARM.exidx.text.HAL_GetREVID), (8 bytes).
    Removing stm32g0xx_hal.o(.text.HAL_GetDEVID), (20 bytes).
    Removing stm32g0xx_hal.o(.ARM.exidx.text.HAL_GetDEVID), (8 bytes).
    Removing stm32g0xx_hal.o(.text.HAL_GetUIDw0), (12 bytes).
    Removing stm32g0xx_hal.o(.ARM.exidx.text.HAL_GetUIDw0), (8 bytes).
    Removing stm32g0xx_hal.o(.text.HAL_GetUIDw1), (12 bytes).
    Removing stm32g0xx_hal.o(.ARM.exidx.text.HAL_GetUIDw1), (8 bytes).
    Removing stm32g0xx_hal.o(.text.HAL_GetUIDw2), (12 bytes).
    Removing stm32g0xx_hal.o(.ARM.exidx.text.HAL_GetUIDw2), (8 bytes).
    Removing stm32g0xx_hal.o(.text.HAL_DBGMCU_EnableDBGStopMode), (16 bytes).
    Removing stm32g0xx_hal.o(.ARM.exidx.text.HAL_DBGMCU_EnableDBGStopMode), (8 bytes).
    Removing stm32g0xx_hal.o(.text.HAL_DBGMCU_DisableDBGStopMode), (16 bytes).
    Removing stm32g0xx_hal.o(.ARM.exidx.text.HAL_DBGMCU_DisableDBGStopMode), (8 bytes).
    Removing stm32g0xx_hal.o(.text.HAL_DBGMCU_EnableDBGStandbyMode), (16 bytes).
    Removing stm32g0xx_hal.o(.ARM.exidx.text.HAL_DBGMCU_EnableDBGStandbyMode), (8 bytes).
    Removing stm32g0xx_hal.o(.text.HAL_DBGMCU_DisableDBGStandbyMode), (16 bytes).
    Removing stm32g0xx_hal.o(.ARM.exidx.text.HAL_DBGMCU_DisableDBGStandbyMode), (8 bytes).
    Removing stm32g0xx_hal.o(.text.HAL_SYSCFG_EnableIOAnalogSwitchBooster), (20 bytes).
    Removing stm32g0xx_hal.o(.ARM.exidx.text.HAL_SYSCFG_EnableIOAnalogSwitchBooster), (8 bytes).
    Removing stm32g0xx_hal.o(.text.HAL_SYSCFG_DisableIOAnalogSwitchBooster), (20 bytes).
    Removing stm32g0xx_hal.o(.ARM.exidx.text.HAL_SYSCFG_DisableIOAnalogSwitchBooster), (8 bytes).
    Removing stm32g0xx_hal.o(.text.HAL_SYSCFG_EnableRemap), (16 bytes).
    Removing stm32g0xx_hal.o(.ARM.exidx.text.HAL_SYSCFG_EnableRemap), (8 bytes).
    Removing stm32g0xx_hal.o(.text.HAL_SYSCFG_DisableRemap), (16 bytes).
    Removing stm32g0xx_hal.o(.ARM.exidx.text.HAL_SYSCFG_DisableRemap), (8 bytes).
    Removing stm32g0xx_hal.o(.text.HAL_SYSCFG_EnableClampingDiode), (16 bytes).
    Removing stm32g0xx_hal.o(.ARM.exidx.text.HAL_SYSCFG_EnableClampingDiode), (8 bytes).
    Removing stm32g0xx_hal.o(.text.HAL_SYSCFG_DisableClampingDiode), (16 bytes).
    Removing stm32g0xx_hal.o(.ARM.exidx.text.HAL_SYSCFG_DisableClampingDiode), (8 bytes).
    Removing stm32g0xx_hal_exti.o(.text), (0 bytes).
    Removing stm32g0xx_hal_exti.o(.text.HAL_EXTI_SetConfigLine), (164 bytes).
    Removing stm32g0xx_hal_exti.o(.ARM.exidx.text.HAL_EXTI_SetConfigLine), (8 bytes).
    Removing stm32g0xx_hal_exti.o(.text.HAL_EXTI_GetConfigLine), (152 bytes).
    Removing stm32g0xx_hal_exti.o(.ARM.exidx.text.HAL_EXTI_GetConfigLine), (8 bytes).
    Removing stm32g0xx_hal_exti.o(.text.HAL_EXTI_ClearConfigLine), (116 bytes).
    Removing stm32g0xx_hal_exti.o(.ARM.exidx.text.HAL_EXTI_ClearConfigLine), (8 bytes).
    Removing stm32g0xx_hal_exti.o(.text.HAL_EXTI_RegisterCallback), (30 bytes).
    Removing stm32g0xx_hal_exti.o(.ARM.exidx.text.HAL_EXTI_RegisterCallback), (8 bytes).
    Removing stm32g0xx_hal_exti.o(.text.HAL_EXTI_GetHandle), (14 bytes).
    Removing stm32g0xx_hal_exti.o(.ARM.exidx.text.HAL_EXTI_GetHandle), (8 bytes).
    Removing stm32g0xx_hal_exti.o(.text.HAL_EXTI_IRQHandler), (68 bytes).
    Removing stm32g0xx_hal_exti.o(.ARM.exidx.text.HAL_EXTI_IRQHandler), (8 bytes).
    Removing stm32g0xx_hal_exti.o(.text.HAL_EXTI_GetPending), (40 bytes).
    Removing stm32g0xx_hal_exti.o(.ARM.exidx.text.HAL_EXTI_GetPending), (8 bytes).
    Removing stm32g0xx_hal_exti.o(.text.HAL_EXTI_ClearPending), (36 bytes).
    Removing stm32g0xx_hal_exti.o(.ARM.exidx.text.HAL_EXTI_ClearPending), (8 bytes).
    Removing stm32g0xx_hal_exti.o(.text.HAL_EXTI_GenerateSWI), (28 bytes).
    Removing stm32g0xx_hal_exti.o(.ARM.exidx.text.HAL_EXTI_GenerateSWI), (8 bytes).
    Removing system_stm32g0xx.o(.text), (0 bytes).
    Removing system_stm32g0xx.o(.ARM.exidx.text.SystemInit), (8 bytes).
    Removing system_stm32g0xx.o(.text.SystemCoreClockUpdate), (144 bytes).
    Removing system_stm32g0xx.o(.ARM.exidx.text.SystemCoreClockUpdate), (8 bytes).
    Removing system_stm32g0xx.o(.rodata.APBPrescTable), (32 bytes).
    Removing eventrecorder.o(.text), (0 bytes).
    Removing eventrecorder.o(.ARM.exidx.text.EventRecorderTimerSetup), (8 bytes).
    Removing eventrecorder.o(.ARM.exidx.text.EventRecorderTimerGetFreq), (8 bytes).
    Removing eventrecorder.o(.ARM.exidx.text.EventRecorderTimerGetCount), (8 bytes).
    Removing eventrecorder.o(.ARM.exidx.text.EventRecorderInitialize), (8 bytes).
    Removing eventrecorder.o(.ARM.exidx.text.crc16_ccitt), (8 bytes).
    Removing eventrecorder.o(.ARM.exidx.text.EventRecorderEnable), (8 bytes).
    Removing eventrecorder.o(.ARM.exidx.text.EventGetTS), (8 bytes).
    Removing eventrecorder.o(.ARM.exidx.text.EventRecordItem), (8 bytes).
    Removing eventrecorder.o(.ARM.exidx.text.EventRecorderStart), (8 bytes).
    Removing eventrecorder.o(.text.EventRecorderDisable), (88 bytes).
    Removing eventrecorder.o(.ARM.exidx.text.EventRecorderDisable), (8 bytes).
    Removing eventrecorder.o(.text.EventRecorderStop), (44 bytes).
    Removing eventrecorder.o(.ARM.exidx.text.EventRecorderStop), (8 bytes).
    Removing eventrecorder.o(.text.EventRecorderClockUpdate), (40 bytes).
    Removing eventrecorder.o(.ARM.exidx.text.EventRecorderClockUpdate), (8 bytes).
    Removing eventrecorder.o(.text.EventRecordData), (356 bytes).
    Removing eventrecorder.o(.ARM.exidx.text.EventRecordData), (8 bytes).
    Removing eventrecorder.o(.ARM.exidx.text.EventCheckFilter), (8 bytes).
    Removing eventrecorder.o(.text.GetContext), (8 bytes).
    Removing eventrecorder.o(.ARM.exidx.text.GetContext), (8 bytes).
    Removing eventrecorder.o(.ARM.exidx.text.EventRecord2), (8 bytes).
    Removing eventrecorder.o(.text.EventRecord4), (112 bytes).
    Removing eventrecorder.o(.ARM.exidx.text.EventRecord4), (8 bytes).
    Removing eventrecorder.o(.ARM.exidx.text.UpdateTS), (8 bytes).
    Removing eventrecorder.o(.ARM.exidx.text.IncrementOverflowTS), (8 bytes).
    Removing eventrecorder.o(.ARM.exidx.text.atomic_xch32), (8 bytes).
    Removing eventrecorder.o(.ARM.exidx.text.atomic_inc32), (8 bytes).
    Removing eventrecorder.o(.ARM.exidx.text.GetRecordIndex), (8 bytes).
    Removing eventrecorder.o(.ARM.exidx.text.LockRecord), (8 bytes).
    Removing eventrecorder.o(.ARM.exidx.text.UnlockRecord), (8 bytes).
    Removing eventrecorder.o(.ARM.exidx.text.IncrementRecordsWritten), (8 bytes).
    Removing eventrecorder.o(.ARM.exidx.text.IncrementRecordsDumped), (8 bytes).
    Removing eventrecorder.o(.text.atomic_inc8), (32 bytes).
    Removing eventrecorder.o(.ARM.exidx.text.atomic_inc8), (8 bytes).

733 unused section(s) (total 29898 bytes) removed from the image.

==============================================================================

Image Symbol Table

    Local Symbols

    Symbol Name                              Value     Ov Type        Size  Object(Section)

    ../clib/division.s                       0x00000000   Number         0  aeabi_sdivfast.o ABSOLUTE
    ../clib/division.s                       0x00000000   Number         0  aeabi_sdivfast_div0.o ABSOLUTE
    ../clib/microlib/division.c              0x00000000   Number         0  uidiv.o ABSOLUTE
    ../clib/microlib/division.c              0x00000000   Number         0  uidiv_div0.o ABSOLUTE
    ../clib/microlib/division.c              0x00000000   Number         0  idiv_div0.o ABSOLUTE
    ../clib/microlib/division.c              0x00000000   Number         0  idiv0.o ABSOLUTE
    ../clib/microlib/init/entry.s            0x00000000   Number         0  entry.o ABSOLUTE
    ../clib/microlib/init/entry.s            0x00000000   Number         0  entry2.o ABSOLUTE
    ../clib/microlib/init/entry.s            0x00000000   Number         0  entry5.o ABSOLUTE
    ../clib/microlib/init/entry.s            0x00000000   Number         0  entry7a.o ABSOLUTE
    ../clib/microlib/init/entry.s            0x00000000   Number         0  entry7b.o ABSOLUTE
    ../clib/microlib/init/entry.s            0x00000000   Number         0  entry8a.o ABSOLUTE
    ../clib/microlib/init/entry.s            0x00000000   Number         0  entry8b.o ABSOLUTE
    ../clib/microlib/init/entry.s            0x00000000   Number         0  entry9a.o ABSOLUTE
    ../clib/microlib/init/entry.s            0x00000000   Number         0  entry9b.o ABSOLUTE
    ../clib/microlib/init/entry.s            0x00000000   Number         0  entry10a.o ABSOLUTE
    ../clib/microlib/init/entry.s            0x00000000   Number         0  entry10b.o ABSOLUTE
    ../clib/microlib/init/entry.s            0x00000000   Number         0  entry11a.o ABSOLUTE
    ../clib/microlib/init/entry.s            0x00000000   Number         0  entry11b.o ABSOLUTE
    ../clib/microlib/string/memcpy.c         0x00000000   Number         0  memcpya.o ABSOLUTE
    ../clib/microlib/string/memcpy.c         0x00000000   Number         0  memcpyb.o ABSOLUTE
    ../clib/microlib/string/memset.c         0x00000000   Number         0  memseta.o ABSOLUTE
    EventRecorder.c                          0x00000000   Number         0  eventrecorder.o ABSOLUTE
    RGB.c                                    0x00000000   Number         0  rgb.o ABSOLUTE
    dc.s                                     0x00000000   Number         0  dc.o ABSOLUTE
    flash.c                                  0x00000000   Number         0  flash.o ABSOLUTE
    gpio.c                                   0x00000000   Number         0  gpio.o ABSOLUTE
    handlers.s                               0x00000000   Number         0  handlers.o ABSOLUTE
    init.s                                   0x00000000   Number         0  init.o ABSOLUTE
    key.c                                    0x00000000   Number         0  key.o ABSOLUTE
    main.c                                   0x00000000   Number         0  main.o ABSOLUTE
    main_loop.c                              0x00000000   Number         0  main_loop.o ABSOLUTE
    startup_stm32g030xx.s                    0x00000000   Number         0  startup_stm32g030xx.o ABSOLUTE
    stm32g0xx_hal.c                          0x00000000   Number         0  stm32g0xx_hal.o ABSOLUTE
    stm32g0xx_hal_cortex.c                   0x00000000   Number         0  stm32g0xx_hal_cortex.o ABSOLUTE
    stm32g0xx_hal_dma.c                      0x00000000   Number         0  stm32g0xx_hal_dma.o ABSOLUTE
    stm32g0xx_hal_dma_ex.c                   0x00000000   Number         0  stm32g0xx_hal_dma_ex.o ABSOLUTE
    stm32g0xx_hal_exti.c                     0x00000000   Number         0  stm32g0xx_hal_exti.o ABSOLUTE
    stm32g0xx_hal_flash.c                    0x00000000   Number         0  stm32g0xx_hal_flash.o ABSOLUTE
    stm32g0xx_hal_flash_ex.c                 0x00000000   Number         0  stm32g0xx_hal_flash_ex.o ABSOLUTE
    stm32g0xx_hal_gpio.c                     0x00000000   Number         0  stm32g0xx_hal_gpio.o ABSOLUTE
    stm32g0xx_hal_msp.c                      0x00000000   Number         0  stm32g0xx_hal_msp.o ABSOLUTE
    stm32g0xx_hal_pwr.c                      0x00000000   Number         0  stm32g0xx_hal_pwr.o ABSOLUTE
    stm32g0xx_hal_pwr_ex.c                   0x00000000   Number         0  stm32g0xx_hal_pwr_ex.o ABSOLUTE
    stm32g0xx_hal_rcc.c                      0x00000000   Number         0  stm32g0xx_hal_rcc.o ABSOLUTE
    stm32g0xx_hal_rcc_ex.c                   0x00000000   Number         0  stm32g0xx_hal_rcc_ex.o ABSOLUTE
    stm32g0xx_hal_tim.c                      0x00000000   Number         0  stm32g0xx_hal_tim.o ABSOLUTE
    stm32g0xx_hal_tim_ex.c                   0x00000000   Number         0  stm32g0xx_hal_tim_ex.o ABSOLUTE
    stm32g0xx_it.c                           0x00000000   Number         0  stm32g0xx_it.o ABSOLUTE
    stm32g0xx_ll_dma.c                       0x00000000   Number         0  stm32g0xx_ll_dma.o ABSOLUTE
    stm32g0xx_ll_rcc.c                       0x00000000   Number         0  stm32g0xx_ll_rcc.o ABSOLUTE
    system_stm32g0xx.c                       0x00000000   Number         0  system_stm32g0xx.o ABSOLUTE
    tim.c                                    0x00000000   Number         0  tim.o ABSOLUTE
    RESET                                    0x08000000   Section      192  startup_stm32g030xx.o(RESET)
    .ARM.Collect$$$$00000000                 0x080000c0   Section        0  entry.o(.ARM.Collect$$$$00000000)
    .ARM.Collect$$$$00000001                 0x080000c0   Section        4  entry2.o(.ARM.Collect$$$$00000001)
    .ARM.Collect$$$$00000004                 0x080000c4   Section        4  entry5.o(.ARM.Collect$$$$00000004)
    .ARM.Collect$$$$00000008                 0x080000c8   Section        0  entry7b.o(.ARM.Collect$$$$00000008)
    .ARM.Collect$$$$0000000A                 0x080000c8   Section        0  entry8b.o(.ARM.Collect$$$$0000000A)
    .ARM.Collect$$$$0000000B                 0x080000c8   Section        8  entry9a.o(.ARM.Collect$$$$0000000B)
    __lit__00000000                          0x080000d0   Data           4  entry2.o(.ARM.Collect$$$$00002712)
    .ARM.Collect$$$$0000000D                 0x080000d0   Section        0  entry10a.o(.ARM.Collect$$$$0000000D)
    .ARM.Collect$$$$0000000F                 0x080000d0   Section        0  entry11a.o(.ARM.Collect$$$$0000000F)
    .ARM.Collect$$$$00002712                 0x080000d0   Section        4  entry2.o(.ARM.Collect$$$$00002712)
    .text                                    0x080000d4   Section       28  startup_stm32g030xx.o(.text)
    .text                                    0x080000f0   Section        0  memseta.o(.text)
    .text                                    0x08000114   Section        0  uidiv_div0.o(.text)
    .text                                    0x08000154   Section       36  init.o(.text)
    [Anonymous Symbol]                       0x08000178   Section        0  stm32g0xx_it.o(.text.EXTI4_15_IRQHandler)
    __arm_cp.5_0                             0x08000194   Number         4  stm32g0xx_it.o(.text.EXTI4_15_IRQHandler)
    [Anonymous Symbol]                       0x08000198   Section        0  main.o(.text.Error_Handler)
    EventCheckFilter                         0x080001a1   Thumb Code    32  eventrecorder.o(.text.EventCheckFilter)
    [Anonymous Symbol]                       0x080001a0   Section        0  eventrecorder.o(.text.EventCheckFilter)
    EventGetTS                               0x080001c1   Thumb Code    32  eventrecorder.o(.text.EventGetTS)
    [Anonymous Symbol]                       0x080001c0   Section        0  eventrecorder.o(.text.EventGetTS)
    [Anonymous Symbol]                       0x080001e0   Section        0  eventrecorder.o(.text.EventRecord2)
    EventRecordItem                          0x08000219   Thumb Code   156  eventrecorder.o(.text.EventRecordItem)
    [Anonymous Symbol]                       0x08000218   Section        0  eventrecorder.o(.text.EventRecordItem)
    __arm_cp.7_1                             0x080002b4   Number         4  eventrecorder.o(.text.EventRecordItem)
    [Anonymous Symbol]                       0x080002b8   Section        0  eventrecorder.o(.text.EventRecorderEnable)
    [Anonymous Symbol]                       0x0800030c   Section        0  eventrecorder.o(.text.EventRecorderInitialize)
    __arm_cp.3_1                             0x080003e8   Number         4  eventrecorder.o(.text.EventRecorderInitialize)
    __arm_cp.3_2                             0x080003ec   Number         4  eventrecorder.o(.text.EventRecorderInitialize)
    __arm_cp.3_3                             0x080003f0   Number         4  eventrecorder.o(.text.EventRecorderInitialize)
    __arm_cp.3_4                             0x080003f4   Number         4  eventrecorder.o(.text.EventRecorderInitialize)
    [Anonymous Symbol]                       0x080003f8   Section        0  eventrecorder.o(.text.EventRecorderStart)
    __arm_cp.8_1                             0x08000420   Number         4  eventrecorder.o(.text.EventRecorderStart)
    [Anonymous Symbol]                       0x08000424   Section        0  eventrecorder.o(.text.EventRecorderTimerGetCount)
    [Anonymous Symbol]                       0x08000430   Section        0  eventrecorder.o(.text.EventRecorderTimerGetFreq)
    [Anonymous Symbol]                       0x08000434   Section        0  eventrecorder.o(.text.EventRecorderTimerSetup)
    __arm_cp.0_0                             0x08000440   Number         4  eventrecorder.o(.text.EventRecorderTimerSetup)
    FLASH_MassErase                          0x08000445   Thumb Code    16  stm32g0xx_hal_flash_ex.o(.text.FLASH_MassErase)
    [Anonymous Symbol]                       0x08000444   Section        0  stm32g0xx_hal_flash_ex.o(.text.FLASH_MassErase)
    [Anonymous Symbol]                       0x08000454   Section        0  stm32g0xx_hal_flash_ex.o(.text.FLASH_PageErase)
    __arm_cp.2_1                             0x08000468   Number         4  stm32g0xx_hal_flash_ex.o(.text.FLASH_PageErase)
    __arm_cp.2_2                             0x0800046c   Number         4  stm32g0xx_hal_flash_ex.o(.text.FLASH_PageErase)
    FLASH_Program_DoubleWord                 0x08000471   Thumb Code    24  stm32g0xx_hal_flash.o(.text.FLASH_Program_DoubleWord)
    [Anonymous Symbol]                       0x08000470   Section        0  stm32g0xx_hal_flash.o(.text.FLASH_Program_DoubleWord)
    FLASH_Program_Fast                       0x08000489   Thumb Code    52  stm32g0xx_hal_flash.o(.text.FLASH_Program_Fast)
    [Anonymous Symbol]                       0x08000488   Section        0  stm32g0xx_hal_flash.o(.text.FLASH_Program_Fast)
    [Anonymous Symbol]                       0x080004bc   Section        0  stm32g0xx_hal_flash.o(.text.FLASH_WaitForLastOperation)
    __arm_cp.1_0                             0x0800050c   Number         4  stm32g0xx_hal_flash.o(.text.FLASH_WaitForLastOperation)
    __arm_cp.1_1                             0x08000510   Number         4  stm32g0xx_hal_flash.o(.text.FLASH_WaitForLastOperation)
    GetRecordIndex                           0x08000515   Thumb Code    12  eventrecorder.o(.text.GetRecordIndex)
    [Anonymous Symbol]                       0x08000514   Section        0  eventrecorder.o(.text.GetRecordIndex)
    __arm_cp.21_0                            0x08000520   Number         4  eventrecorder.o(.text.GetRecordIndex)
    [Anonymous Symbol]                       0x08000524   Section        0  stm32g0xx_hal.o(.text.HAL_Delay)
    [Anonymous Symbol]                       0x08000544   Section        0  stm32g0xx_hal_flash_ex.o(.text.HAL_FLASHEx_Erase)
    [Anonymous Symbol]                       0x080005d0   Section        0  stm32g0xx_hal_flash.o(.text.HAL_FLASH_Lock)
    [Anonymous Symbol]                       0x080005e4   Section        0  stm32g0xx_hal_flash.o(.text.HAL_FLASH_Program)
    __arm_cp.0_0                             0x08000648   Number         4  stm32g0xx_hal_flash.o(.text.HAL_FLASH_Program)
    __arm_cp.0_1                             0x0800064c   Number         4  stm32g0xx_hal_flash.o(.text.HAL_FLASH_Program)
    [Anonymous Symbol]                       0x08000650   Section        0  stm32g0xx_hal_flash.o(.text.HAL_FLASH_Unlock)
    __arm_cp.8_0                             0x0800066c   Number         4  stm32g0xx_hal_flash.o(.text.HAL_FLASH_Unlock)
    __arm_cp.8_1                             0x08000670   Number         4  stm32g0xx_hal_flash.o(.text.HAL_FLASH_Unlock)
    __arm_cp.8_2                             0x08000674   Number         4  stm32g0xx_hal_flash.o(.text.HAL_FLASH_Unlock)
    [Anonymous Symbol]                       0x08000678   Section        0  main_loop.o(.text.HAL_GPIO_EXTI_Falling_Callback)
    __arm_cp.0_0                             0x08000698   Number         4  main_loop.o(.text.HAL_GPIO_EXTI_Falling_Callback)
    __arm_cp.0_1                             0x0800069c   Number         4  main_loop.o(.text.HAL_GPIO_EXTI_Falling_Callback)
    [Anonymous Symbol]                       0x080006a0   Section        0  stm32g0xx_hal_gpio.o(.text.HAL_GPIO_EXTI_IRQHandler)
    __arm_cp.6_0                             0x080006c4   Number         4  stm32g0xx_hal_gpio.o(.text.HAL_GPIO_EXTI_IRQHandler)
    [Anonymous Symbol]                       0x080006c8   Section        0  stm32g0xx_hal_gpio.o(.text.HAL_GPIO_EXTI_Rising_Callback)
    [Anonymous Symbol]                       0x080006cc   Section        0  stm32g0xx_hal_gpio.o(.text.HAL_GPIO_Init)
    __arm_cp.0_0                             0x08000850   Number         4  stm32g0xx_hal_gpio.o(.text.HAL_GPIO_Init)
    __arm_cp.0_1                             0x08000854   Number         4  stm32g0xx_hal_gpio.o(.text.HAL_GPIO_Init)
    __arm_cp.0_2                             0x08000858   Number         4  stm32g0xx_hal_gpio.o(.text.HAL_GPIO_Init)
    __arm_cp.0_3                             0x0800085c   Number         4  stm32g0xx_hal_gpio.o(.text.HAL_GPIO_Init)
    __arm_cp.0_4                             0x08000860   Number         4  stm32g0xx_hal_gpio.o(.text.HAL_GPIO_Init)
    [Anonymous Symbol]                       0x08000864   Section        0  stm32g0xx_hal_gpio.o(.text.HAL_GPIO_ReadPin)
    [Anonymous Symbol]                       0x0800086e   Section        0  stm32g0xx_hal_gpio.o(.text.HAL_GPIO_WritePin)
    [Anonymous Symbol]                       0x08000880   Section        0  stm32g0xx_hal.o(.text.HAL_GetTick)
    [Anonymous Symbol]                       0x08000888   Section        0  stm32g0xx_hal.o(.text.HAL_IncTick)
    __arm_cp.5_1                             0x08000898   Number         4  stm32g0xx_hal.o(.text.HAL_IncTick)
    [Anonymous Symbol]                       0x0800089c   Section        0  stm32g0xx_hal.o(.text.HAL_Init)
    [Anonymous Symbol]                       0x080008c4   Section        0  stm32g0xx_hal.o(.text.HAL_InitTick)
    __arm_cp.1_0                             0x08000904   Number         4  stm32g0xx_hal.o(.text.HAL_InitTick)
    [Anonymous Symbol]                       0x08000908   Section        0  stm32g0xx_hal_msp.o(.text.HAL_MspInit)
    __arm_cp.0_0                             0x08000930   Number         4  stm32g0xx_hal_msp.o(.text.HAL_MspInit)
    [Anonymous Symbol]                       0x08000934   Section        0  stm32g0xx_hal_cortex.o(.text.HAL_NVIC_EnableIRQ)
    [Anonymous Symbol]                       0x0800093c   Section        0  stm32g0xx_hal_cortex.o(.text.HAL_NVIC_SetPriority)
    [Anonymous Symbol]                       0x08000944   Section        0  stm32g0xx_hal_pwr_ex.o(.text.HAL_PWREx_ControlVoltageScaling)
    __arm_cp.13_0                            0x0800098c   Number         4  stm32g0xx_hal_pwr_ex.o(.text.HAL_PWREx_ControlVoltageScaling)
    __arm_cp.13_2                            0x08000990   Number         4  stm32g0xx_hal_pwr_ex.o(.text.HAL_PWREx_ControlVoltageScaling)
    [Anonymous Symbol]                       0x08000994   Section        0  stm32g0xx_hal_rcc.o(.text.HAL_RCC_ClockConfig)
    __arm_cp.2_0                             0x08000af4   Number         4  stm32g0xx_hal_rcc.o(.text.HAL_RCC_ClockConfig)
    __arm_cp.2_1                             0x08000af8   Number         4  stm32g0xx_hal_rcc.o(.text.HAL_RCC_ClockConfig)
    __arm_cp.2_3                             0x08000afc   Number         4  stm32g0xx_hal_rcc.o(.text.HAL_RCC_ClockConfig)
    __arm_cp.2_4                             0x08000b00   Number         4  stm32g0xx_hal_rcc.o(.text.HAL_RCC_ClockConfig)
    __arm_cp.2_5                             0x08000b04   Number         4  stm32g0xx_hal_rcc.o(.text.HAL_RCC_ClockConfig)
    [Anonymous Symbol]                       0x08000b08   Section        0  stm32g0xx_hal_rcc.o(.text.HAL_RCC_GetSysClockFreq)
    __arm_cp.3_0                             0x08000b84   Number         4  stm32g0xx_hal_rcc.o(.text.HAL_RCC_GetSysClockFreq)
    __arm_cp.3_1                             0x08000b88   Number         4  stm32g0xx_hal_rcc.o(.text.HAL_RCC_GetSysClockFreq)
    __arm_cp.3_2                             0x08000b8c   Number         4  stm32g0xx_hal_rcc.o(.text.HAL_RCC_GetSysClockFreq)
    [Anonymous Symbol]                       0x08000b90   Section        0  stm32g0xx_hal_rcc.o(.text.HAL_RCC_OscConfig)
    __arm_cp.1_9                             0x08000f9c   Number         4  stm32g0xx_hal_rcc.o(.text.HAL_RCC_OscConfig)
    __arm_cp.1_1                             0x08000fa8   Number         4  stm32g0xx_hal_rcc.o(.text.HAL_RCC_OscConfig)
    __arm_cp.1_2                             0x08000fac   Number         4  stm32g0xx_hal_rcc.o(.text.HAL_RCC_OscConfig)
    __arm_cp.1_3                             0x08000fb0   Number         4  stm32g0xx_hal_rcc.o(.text.HAL_RCC_OscConfig)
    __arm_cp.1_4                             0x08000fb4   Number         4  stm32g0xx_hal_rcc.o(.text.HAL_RCC_OscConfig)
    __arm_cp.1_5                             0x08000fb8   Number         4  stm32g0xx_hal_rcc.o(.text.HAL_RCC_OscConfig)
    __arm_cp.1_6                             0x08000fbc   Number         4  stm32g0xx_hal_rcc.o(.text.HAL_RCC_OscConfig)
    __arm_cp.1_7                             0x08000fc0   Number         4  stm32g0xx_hal_rcc.o(.text.HAL_RCC_OscConfig)
    [Anonymous Symbol]                       0x08000fc4   Section        0  stm32g0xx_hal_cortex.o(.text.HAL_SYSTICK_Config)
    [Anonymous Symbol]                       0x08000fcc   Section        0  stm32g0xx_hal_tim_ex.o(.text.HAL_TIMEx_Break2Callback)
    [Anonymous Symbol]                       0x08000fce   Section        0  stm32g0xx_hal_tim_ex.o(.text.HAL_TIMEx_BreakCallback)
    [Anonymous Symbol]                       0x08000fd0   Section        0  stm32g0xx_hal_tim_ex.o(.text.HAL_TIMEx_CommutCallback)
    [Anonymous Symbol]                       0x08000fd4   Section        0  stm32g0xx_hal_tim_ex.o(.text.HAL_TIMEx_MasterConfigSynchronization)
    __arm_cp.34_1                            0x08001030   Number         4  stm32g0xx_hal_tim_ex.o(.text.HAL_TIMEx_MasterConfigSynchronization)
    [Anonymous Symbol]                       0x08001034   Section        0  stm32g0xx_hal_tim.o(.text.HAL_TIM_Base_Init)
    [Anonymous Symbol]                       0x08001080   Section        0  tim.o(.text.HAL_TIM_Base_MspInit)
    __arm_cp.2_0                             0x080010d4   Number         4  tim.o(.text.HAL_TIM_Base_MspInit)
    __arm_cp.2_1                             0x080010d8   Number         4  tim.o(.text.HAL_TIM_Base_MspInit)
    __arm_cp.2_2                             0x080010dc   Number         4  tim.o(.text.HAL_TIM_Base_MspInit)
    [Anonymous Symbol]                       0x080010e0   Section        0  stm32g0xx_hal_tim.o(.text.HAL_TIM_ConfigClockSource)
    __arm_cp.98_0                            0x080011c0   Number         4  stm32g0xx_hal_tim.o(.text.HAL_TIM_ConfigClockSource)
    [Anonymous Symbol]                       0x080011c4   Section        0  stm32g0xx_hal_tim.o(.text.HAL_TIM_IC_CaptureCallback)
    [Anonymous Symbol]                       0x080011c8   Section        0  stm32g0xx_hal_tim.o(.text.HAL_TIM_IRQHandler)
    __arm_cp.67_0                            0x08001328   Number         4  stm32g0xx_hal_tim.o(.text.HAL_TIM_IRQHandler)
    [Anonymous Symbol]                       0x0800132c   Section        0  stm32g0xx_hal_tim.o(.text.HAL_TIM_OC_DelayElapsedCallback)
    [Anonymous Symbol]                       0x0800132e   Section        0  stm32g0xx_hal_tim.o(.text.HAL_TIM_OnePulse_Init)
    [Anonymous Symbol]                       0x0800137e   Section        0  stm32g0xx_hal_tim.o(.text.HAL_TIM_OnePulse_MspInit)
    [Anonymous Symbol]                       0x08001380   Section        0  stm32g0xx_hal_tim.o(.text.HAL_TIM_PWM_PulseFinishedCallback)
    [Anonymous Symbol]                       0x08001382   Section        0  stm32g0xx_hal_tim.o(.text.HAL_TIM_PeriodElapsedCallback)
    [Anonymous Symbol]                       0x08001384   Section        0  stm32g0xx_hal_tim.o(.text.HAL_TIM_TriggerCallback)
    [Anonymous Symbol]                       0x08001386   Section        0  stm32g0xx_it.o(.text.HardFault_Handler)
    IncrementOverflowTS                      0x08001389   Thumb Code    12  eventrecorder.o(.text.IncrementOverflowTS)
    [Anonymous Symbol]                       0x08001388   Section        0  eventrecorder.o(.text.IncrementOverflowTS)
    IncrementRecordsDumped                   0x08001395   Thumb Code    12  eventrecorder.o(.text.IncrementRecordsDumped)
    [Anonymous Symbol]                       0x08001394   Section        0  eventrecorder.o(.text.IncrementRecordsDumped)
    IncrementRecordsWritten                  0x080013a1   Thumb Code    12  eventrecorder.o(.text.IncrementRecordsWritten)
    [Anonymous Symbol]                       0x080013a0   Section        0  eventrecorder.o(.text.IncrementRecordsWritten)
    __arm_cp.24_0                            0x080013ac   Number         4  eventrecorder.o(.text.IncrementRecordsWritten)
    LockRecord                               0x080013b1   Thumb Code    48  eventrecorder.o(.text.LockRecord)
    [Anonymous Symbol]                       0x080013b0   Section        0  eventrecorder.o(.text.LockRecord)
    [Anonymous Symbol]                       0x080013e0   Section        0  gpio.o(.text.MX_GPIO_Init)
    __arm_cp.0_0                             0x08001450   Number         4  gpio.o(.text.MX_GPIO_Init)
    [Anonymous Symbol]                       0x08001454   Section        0  tim.o(.text.MX_TIM14_Init)
    __arm_cp.1_0                             0x0800148c   Number         4  tim.o(.text.MX_TIM14_Init)
    __arm_cp.1_1                             0x08001490   Number         4  tim.o(.text.MX_TIM14_Init)
    [Anonymous Symbol]                       0x08001494   Section        0  tim.o(.text.MX_TIM1_Init)
    __arm_cp.0_0                             0x080014fc   Number         4  tim.o(.text.MX_TIM1_Init)
    __arm_cp.0_1                             0x08001500   Number         4  tim.o(.text.MX_TIM1_Init)
    [Anonymous Symbol]                       0x08001504   Section        0  rgb.o(.text.Macaroon)
    __arm_cp.7_1                             0x080016a8   Number         4  rgb.o(.text.Macaroon)
    __arm_cp.7_2                             0x080016ac   Number         4  rgb.o(.text.Macaroon)
    __arm_cp.7_3                             0x080016b0   Number         4  rgb.o(.text.Macaroon)
    [Anonymous Symbol]                       0x080016b4   Section        0  rgb.o(.text.Macaroon1)
    __arm_cp.8_1                             0x08001748   Number         4  rgb.o(.text.Macaroon1)
    [Anonymous Symbol]                       0x0800174c   Section        0  stm32g0xx_it.o(.text.NMI_Handler)
    [Anonymous Symbol]                       0x0800174e   Section        0  rgb.o(.text.ONE_CODE)
    [Anonymous Symbol]                       0x0800176c   Section        0  stm32g0xx_it.o(.text.PendSV_Handler)
    [Anonymous Symbol]                       0x0800176e   Section        0  rgb.o(.text.RESET_CODE)
    [Anonymous Symbol]                       0x08001780   Section        0  rgb.o(.text.RGB_jianbian)
    __arm_cp.6_0                             0x080018f4   Number         4  rgb.o(.text.RGB_jianbian)
    [Anonymous Symbol]                       0x080018f8   Section        0  stm32g0xx_it.o(.text.SVC_Handler)
    SysTick_Config                           0x080018fd   Thumb Code    36  stm32g0xx_hal_cortex.o(.text.SysTick_Config)
    [Anonymous Symbol]                       0x080018fc   Section        0  stm32g0xx_hal_cortex.o(.text.SysTick_Config)
    __arm_cp.9_0                             0x08001920   Number         4  stm32g0xx_hal_cortex.o(.text.SysTick_Config)
    [Anonymous Symbol]                       0x08001924   Section        0  stm32g0xx_it.o(.text.SysTick_Handler)
    [Anonymous Symbol]                       0x0800192c   Section        0  main.o(.text.SystemClock_Config)
    [Anonymous Symbol]                       0x08001994   Section        0  system_stm32g0xx.o(.text.SystemInit)
    [Anonymous Symbol]                       0x08001998   Section        0  stm32g0xx_it.o(.text.TIM14_IRQHandler)
    __arm_cp.7_0                             0x080019a4   Number         4  stm32g0xx_it.o(.text.TIM14_IRQHandler)
    [Anonymous Symbol]                       0x080019a8   Section        0  stm32g0xx_it.o(.text.TIM1_BRK_UP_TRG_COM_IRQHandler)
    __arm_cp.6_0                             0x080019b4   Number         4  stm32g0xx_it.o(.text.TIM1_BRK_UP_TRG_COM_IRQHandler)
    [Anonymous Symbol]                       0x080019b8   Section        0  stm32g0xx_hal_tim.o(.text.TIM_Base_SetConfig)
    __arm_cp.2_0                             0x08001a34   Number         4  stm32g0xx_hal_tim.o(.text.TIM_Base_SetConfig)
    __arm_cp.2_1                             0x08001a38   Number         4  stm32g0xx_hal_tim.o(.text.TIM_Base_SetConfig)
    __arm_cp.2_2                             0x08001a3c   Number         4  stm32g0xx_hal_tim.o(.text.TIM_Base_SetConfig)
    __arm_cp.2_3                             0x08001a40   Number         4  stm32g0xx_hal_tim.o(.text.TIM_Base_SetConfig)
    __arm_cp.2_4                             0x08001a44   Number         4  stm32g0xx_hal_tim.o(.text.TIM_Base_SetConfig)
    __arm_cp.2_5                             0x08001a48   Number         4  stm32g0xx_hal_tim.o(.text.TIM_Base_SetConfig)
    [Anonymous Symbol]                       0x08001a4c   Section        0  stm32g0xx_hal_tim.o(.text.TIM_ETR_SetConfig)
    TIM_ITRx_SetConfig                       0x08001a65   Thumb Code    16  stm32g0xx_hal_tim.o(.text.TIM_ITRx_SetConfig)
    [Anonymous Symbol]                       0x08001a64   Section        0  stm32g0xx_hal_tim.o(.text.TIM_ITRx_SetConfig)
    __arm_cp.100_0                           0x08001a74   Number         4  stm32g0xx_hal_tim.o(.text.TIM_ITRx_SetConfig)
    TIM_TI1_ConfigInputStage                 0x08001a79   Thumb Code    34  stm32g0xx_hal_tim.o(.text.TIM_TI1_ConfigInputStage)
    [Anonymous Symbol]                       0x08001a78   Section        0  stm32g0xx_hal_tim.o(.text.TIM_TI1_ConfigInputStage)
    TIM_TI2_ConfigInputStage                 0x08001a9b   Thumb Code    38  stm32g0xx_hal_tim.o(.text.TIM_TI2_ConfigInputStage)
    [Anonymous Symbol]                       0x08001a9a   Section        0  stm32g0xx_hal_tim.o(.text.TIM_TI2_ConfigInputStage)
    UnlockRecord                             0x08001ac1   Thumb Code    38  eventrecorder.o(.text.UnlockRecord)
    [Anonymous Symbol]                       0x08001ac0   Section        0  eventrecorder.o(.text.UnlockRecord)
    UpdateTS                                 0x08001ae7   Thumb Code     8  eventrecorder.o(.text.UpdateTS)
    [Anonymous Symbol]                       0x08001ae6   Section        0  eventrecorder.o(.text.UpdateTS)
    [Anonymous Symbol]                       0x08001af0   Section        0  rgb.o(.text.ZERO_CODE)
    __arm_cp.1_0                             0x08001b2c   Number         4  rgb.o(.text.ZERO_CODE)
    __arm_cp.1_1                             0x08001b30   Number         4  rgb.o(.text.ZERO_CODE)
    __NVIC_EnableIRQ                         0x08001b35   Thumb Code    20  stm32g0xx_hal_cortex.o(.text.__NVIC_EnableIRQ)
    [Anonymous Symbol]                       0x08001b34   Section        0  stm32g0xx_hal_cortex.o(.text.__NVIC_EnableIRQ)
    __arm_cp.3_0                             0x08001b48   Number         4  stm32g0xx_hal_cortex.o(.text.__NVIC_EnableIRQ)
    __NVIC_SetPriority                       0x08001b4d   Thumb Code    56  stm32g0xx_hal_cortex.o(.text.__NVIC_SetPriority)
    [Anonymous Symbol]                       0x08001b4c   Section        0  stm32g0xx_hal_cortex.o(.text.__NVIC_SetPriority)
    __arm_cp.1_0                             0x08001b84   Number         4  stm32g0xx_hal_cortex.o(.text.__NVIC_SetPriority)
    __arm_cp.1_1                             0x08001b88   Number         4  stm32g0xx_hal_cortex.o(.text.__NVIC_SetPriority)
    atomic_inc32                             0x08001b8d   Thumb Code    28  eventrecorder.o(.text.atomic_inc32)
    [Anonymous Symbol]                       0x08001b8c   Section        0  eventrecorder.o(.text.atomic_inc32)
    atomic_xch32                             0x08001ba9   Thumb Code    28  eventrecorder.o(.text.atomic_xch32)
    [Anonymous Symbol]                       0x08001ba8   Section        0  eventrecorder.o(.text.atomic_xch32)
    __arm_cp.19_0                            0x08001bc4   Number         4  eventrecorder.o(.text.atomic_xch32)
    crc16_ccitt                              0x08001bc9   Thumb Code    60  eventrecorder.o(.text.crc16_ccitt)
    [Anonymous Symbol]                       0x08001bc8   Section        0  eventrecorder.o(.text.crc16_ccitt)
    __arm_cp.4_0                             0x08001c04   Number         4  eventrecorder.o(.text.crc16_ccitt)
    __arm_cp.4_1                             0x08001c08   Number         4  eventrecorder.o(.text.crc16_ccitt)
    [Anonymous Symbol]                       0x08001c0c   Section        0  rgb.o(.text.display_rgb)
    __arm_cp.9_0                             0x08001c70   Number         4  rgb.o(.text.display_rgb)
    [Anonymous Symbol]                       0x08001c74   Section        0  flash.o(.text.flash_read_user_parameter)
    [Anonymous Symbol]                       0x08001c90   Section        0  flash.o(.text.flash_save_user_parameter)
    __arm_cp.3_1                             0x08001cc0   Number         4  flash.o(.text.flash_save_user_parameter)
    [Anonymous Symbol]                       0x08001cc4   Section        0  main.o(.text.main)
    __arm_cp.0_0                             0x08001d08   Number         4  main.o(.text.main)
    [Anonymous Symbol]                       0x08001d0c   Section        0  main_loop.o(.text.main_loop)
    __arm_cp.1_1                             0x08001da8   Number         4  main_loop.o(.text.main_loop)
    __arm_cp.1_2                             0x08001dac   Number         4  main_loop.o(.text.main_loop)
    __arm_cp.1_3                             0x08001db0   Number         4  main_loop.o(.text.main_loop)
    [Anonymous Symbol]                       0x08001db4   Section        0  rgb.o(.text.one_colour)
    [Anonymous Symbol]                       0x08001de2   Section        0  flash.o(.text.pl_Flash_PageErase)
    [Anonymous Symbol]                       0x08001e06   Section        0  flash.o(.text.pl_Flash_ReadWord)
    [Anonymous Symbol]                       0x08001e0a   Section        0  rgb.o(.text.rgb_off)
    [Anonymous Symbol]                       0x08001e20   Section        0  flash.o(.text.user_parameter_load)
    [Anonymous Symbol]                       0x08001e3c   Section        0  flash.o(.text.user_setting_reset)
    __arm_cp.4_0                             0x08001e48   Number         4  flash.o(.text.user_setting_reset)
    [Anonymous Symbol]                       0x08001e4c   Section        0  rgb.o(.text.write_data)
    i.__scatterload_copy                     0x08001e70   Section       14  handlers.o(i.__scatterload_copy)
    i.__scatterload_null                     0x08001e7e   Section        2  handlers.o(i.__scatterload_null)
    i.__scatterload_zeroinit                 0x08001e80   Section       14  handlers.o(i.__scatterload_zeroinit)
    __tagsym$$used.0                         0x08001ed0   Number         0  eventrecorder.o(.rodata.EventRecorderInfo)
    [Anonymous Symbol]                       0x08001ee8   Section        0  main.o(.rodata.str1.1)
    [Anonymous Symbol]                       0x08001efb   Section        0  rgb.o(.rodata.str1.1)
    EventBuffer                              0x200001c0   Data        1024  eventrecorder.o(.bss.noinit)
    [Anonymous Symbol]                       0x200001c0   Section        0  eventrecorder.o(.bss.noinit)
    EventFilter                              0x200005c0   Data         128  eventrecorder.o(.bss.noinit)
    EventStatus                              0x20000640   Data          36  eventrecorder.o(.bss.noinit)
    TimeStamp                                0x20000664   Data           4  eventrecorder.o(.bss.noinit)
    STACK                                    0x20000698   Section     1024  startup_stm32g030xx.o(STACK)

    Global Symbols

    Symbol Name                              Value     Ov Type        Size  Object(Section)

    BuildAttributes$$THM_ISAv3M$S$PE$A:L22$X:L11$S22$IEEE1$IW$~IW$USESV6$~STKCKD$USESV7$~SHL$OTIME$EBA8$MICROLIB$REQ8$PRES8$EABIv2 0x00000000   Number         0  anon$$obj.o ABSOLUTE
    __cpp_initialize__aeabi_                  - Undefined Weak Reference
    __cxa_finalize                            - Undefined Weak Reference
    __decompress                              - Undefined Weak Reference
    _clock_init                               - Undefined Weak Reference
    _microlib_exit                            - Undefined Weak Reference
    __Vectors_Size                           0x000000c0   Number         0  startup_stm32g030xx.o ABSOLUTE
    __Vectors                                0x08000000   Data           4  startup_stm32g030xx.o(RESET)
    __Vectors_End                            0x080000c0   Data           0  startup_stm32g030xx.o(RESET)
    __main                                   0x080000c1   Thumb Code     0  entry.o(.ARM.Collect$$$$00000000)
    _main_stk                                0x080000c1   Thumb Code     0  entry2.o(.ARM.Collect$$$$00000001)
    _main_scatterload                        0x080000c5   Thumb Code     0  entry5.o(.ARM.Collect$$$$00000004)
    __main_after_scatterload                 0x080000c9   Thumb Code     0  entry5.o(.ARM.Collect$$$$00000004)
    _main_clock                              0x080000c9   Thumb Code     0  entry7b.o(.ARM.Collect$$$$00000008)
    _main_cpp_init                           0x080000c9   Thumb Code     0  entry8b.o(.ARM.Collect$$$$0000000A)
    _main_init                               0x080000c9   Thumb Code     0  entry9a.o(.ARM.Collect$$$$0000000B)
    __rt_final_cpp                           0x080000d1   Thumb Code     0  entry10a.o(.ARM.Collect$$$$0000000D)
    __rt_final_exit                          0x080000d1   Thumb Code     0  entry11a.o(.ARM.Collect$$$$0000000F)
    Reset_Handler                            0x080000d5   Thumb Code     8  startup_stm32g030xx.o(.text)
    ADC1_IRQHandler                          0x080000e7   Thumb Code     0  startup_stm32g030xx.o(.text)
    DMA1_Ch4_5_DMAMUX1_OVR_IRQHandler        0x080000e7   Thumb Code     0  startup_stm32g030xx.o(.text)
    DMA1_Channel1_IRQHandler                 0x080000e7   Thumb Code     0  startup_stm32g030xx.o(.text)
    DMA1_Channel2_3_IRQHandler               0x080000e7   Thumb Code     0  startup_stm32g030xx.o(.text)
    EXTI0_1_IRQHandler                       0x080000e7   Thumb Code     0  startup_stm32g030xx.o(.text)
    EXTI2_3_IRQHandler                       0x080000e7   Thumb Code     0  startup_stm32g030xx.o(.text)
    FLASH_IRQHandler                         0x080000e7   Thumb Code     0  startup_stm32g030xx.o(.text)
    I2C1_IRQHandler                          0x080000e7   Thumb Code     0  startup_stm32g030xx.o(.text)
    I2C2_IRQHandler                          0x080000e7   Thumb Code     0  startup_stm32g030xx.o(.text)
    RCC_IRQHandler                           0x080000e7   Thumb Code     0  startup_stm32g030xx.o(.text)
    RTC_TAMP_IRQHandler                      0x080000e7   Thumb Code     0  startup_stm32g030xx.o(.text)
    SPI1_IRQHandler                          0x080000e7   Thumb Code     0  startup_stm32g030xx.o(.text)
    SPI2_IRQHandler                          0x080000e7   Thumb Code     0  startup_stm32g030xx.o(.text)
    TIM16_IRQHandler                         0x080000e7   Thumb Code     0  startup_stm32g030xx.o(.text)
    TIM17_IRQHandler                         0x080000e7   Thumb Code     0  startup_stm32g030xx.o(.text)
    TIM1_CC_IRQHandler                       0x080000e7   Thumb Code     0  startup_stm32g030xx.o(.text)
    TIM3_IRQHandler                          0x080000e7   Thumb Code     0  startup_stm32g030xx.o(.text)
    USART1_IRQHandler                        0x080000e7   Thumb Code     0  startup_stm32g030xx.o(.text)
    USART2_IRQHandler                        0x080000e7   Thumb Code     0  startup_stm32g030xx.o(.text)
    WWDG_IRQHandler                          0x080000e7   Thumb Code     0  startup_stm32g030xx.o(.text)
    __aeabi_memset                           0x080000f1   Thumb Code    14  memseta.o(.text)
    __aeabi_memset4                          0x080000f1   Thumb Code     0  memseta.o(.text)
    __aeabi_memset8                          0x080000f1   Thumb Code     0  memseta.o(.text)
    __aeabi_memclr                           0x080000ff   Thumb Code     4  memseta.o(.text)
    __aeabi_memclr4                          0x080000ff   Thumb Code     0  memseta.o(.text)
    __aeabi_memclr8                          0x080000ff   Thumb Code     0  memseta.o(.text)
    _memset$wrapper                          0x08000103   Thumb Code    18  memseta.o(.text)
    __aeabi_uidiv                            0x08000115   Thumb Code     0  uidiv_div0.o(.text)
    __aeabi_uidivmod                         0x08000115   Thumb Code    62  uidiv_div0.o(.text)
    __scatterload                            0x08000155   Thumb Code    28  init.o(.text)
    __scatterload_rt2                        0x08000155   Thumb Code     0  init.o(.text)
    EXTI4_15_IRQHandler                      0x08000179   Thumb Code    28  stm32g0xx_it.o(.text.EXTI4_15_IRQHandler)
    Error_Handler                            0x08000199   Thumb Code     8  main.o(.text.Error_Handler)
    EventRecord2                             0x080001e1   Thumb Code    56  eventrecorder.o(.text.EventRecord2)
    EventRecorderEnable                      0x080002b9   Thumb Code    84  eventrecorder.o(.text.EventRecorderEnable)
    EventRecorderInitialize                  0x0800030d   Thumb Code   220  eventrecorder.o(.text.EventRecorderInitialize)
    EventRecorderStart                       0x080003f9   Thumb Code    40  eventrecorder.o(.text.EventRecorderStart)
    EventRecorderTimerGetCount               0x08000425   Thumb Code    12  eventrecorder.o(.text.EventRecorderTimerGetCount)
    EventRecorderTimerGetFreq                0x08000431   Thumb Code     4  eventrecorder.o(.text.EventRecorderTimerGetFreq)
    EventRecorderTimerSetup                  0x08000435   Thumb Code    12  eventrecorder.o(.text.EventRecorderTimerSetup)
    FLASH_PageErase                          0x08000455   Thumb Code    20  stm32g0xx_hal_flash_ex.o(.text.FLASH_PageErase)
    FLASH_WaitForLastOperation               0x080004bd   Thumb Code    80  stm32g0xx_hal_flash.o(.text.FLASH_WaitForLastOperation)
    HAL_Delay                                0x08000525   Thumb Code    32  stm32g0xx_hal.o(.text.HAL_Delay)
    HAL_FLASHEx_Erase                        0x08000545   Thumb Code   140  stm32g0xx_hal_flash_ex.o(.text.HAL_FLASHEx_Erase)
    HAL_FLASH_Lock                           0x080005d1   Thumb Code    20  stm32g0xx_hal_flash.o(.text.HAL_FLASH_Lock)
    HAL_FLASH_Program                        0x080005e5   Thumb Code   100  stm32g0xx_hal_flash.o(.text.HAL_FLASH_Program)
    HAL_FLASH_Unlock                         0x08000651   Thumb Code    28  stm32g0xx_hal_flash.o(.text.HAL_FLASH_Unlock)
    HAL_GPIO_EXTI_Falling_Callback           0x08000679   Thumb Code    32  main_loop.o(.text.HAL_GPIO_EXTI_Falling_Callback)
    HAL_GPIO_EXTI_IRQHandler                 0x080006a1   Thumb Code    36  stm32g0xx_hal_gpio.o(.text.HAL_GPIO_EXTI_IRQHandler)
    HAL_GPIO_EXTI_Rising_Callback            0x080006c9   Thumb Code     2  stm32g0xx_hal_gpio.o(.text.HAL_GPIO_EXTI_Rising_Callback)
    HAL_GPIO_Init                            0x080006cd   Thumb Code   388  stm32g0xx_hal_gpio.o(.text.HAL_GPIO_Init)
    HAL_GPIO_ReadPin                         0x08000865   Thumb Code    10  stm32g0xx_hal_gpio.o(.text.HAL_GPIO_ReadPin)
    HAL_GPIO_WritePin                        0x0800086f   Thumb Code    16  stm32g0xx_hal_gpio.o(.text.HAL_GPIO_WritePin)
    HAL_GetTick                              0x08000881   Thumb Code     8  stm32g0xx_hal.o(.text.HAL_GetTick)
    HAL_IncTick                              0x08000889   Thumb Code    16  stm32g0xx_hal.o(.text.HAL_IncTick)
    HAL_Init                                 0x0800089d   Thumb Code    40  stm32g0xx_hal.o(.text.HAL_Init)
    HAL_InitTick                             0x080008c5   Thumb Code    64  stm32g0xx_hal.o(.text.HAL_InitTick)
    HAL_MspInit                              0x08000909   Thumb Code    40  stm32g0xx_hal_msp.o(.text.HAL_MspInit)
    HAL_NVIC_EnableIRQ                       0x08000935   Thumb Code     8  stm32g0xx_hal_cortex.o(.text.HAL_NVIC_EnableIRQ)
    HAL_NVIC_SetPriority                     0x0800093d   Thumb Code     8  stm32g0xx_hal_cortex.o(.text.HAL_NVIC_SetPriority)
    HAL_PWREx_ControlVoltageScaling          0x08000945   Thumb Code    72  stm32g0xx_hal_pwr_ex.o(.text.HAL_PWREx_ControlVoltageScaling)
    HAL_RCC_ClockConfig                      0x08000995   Thumb Code   352  stm32g0xx_hal_rcc.o(.text.HAL_RCC_ClockConfig)
    HAL_RCC_GetSysClockFreq                  0x08000b09   Thumb Code   124  stm32g0xx_hal_rcc.o(.text.HAL_RCC_GetSysClockFreq)
    HAL_RCC_OscConfig                        0x08000b91   Thumb Code  1048  stm32g0xx_hal_rcc.o(.text.HAL_RCC_OscConfig)
    HAL_SYSTICK_Config                       0x08000fc5   Thumb Code     8  stm32g0xx_hal_cortex.o(.text.HAL_SYSTICK_Config)
    HAL_TIMEx_Break2Callback                 0x08000fcd   Thumb Code     2  stm32g0xx_hal_tim_ex.o(.text.HAL_TIMEx_Break2Callback)
    HAL_TIMEx_BreakCallback                  0x08000fcf   Thumb Code     2  stm32g0xx_hal_tim_ex.o(.text.HAL_TIMEx_BreakCallback)
    HAL_TIMEx_CommutCallback                 0x08000fd1   Thumb Code     2  stm32g0xx_hal_tim_ex.o(.text.HAL_TIMEx_CommutCallback)
    HAL_TIMEx_MasterConfigSynchronization    0x08000fd5   Thumb Code    92  stm32g0xx_hal_tim_ex.o(.text.HAL_TIMEx_MasterConfigSynchronization)
    HAL_TIM_Base_Init                        0x08001035   Thumb Code    74  stm32g0xx_hal_tim.o(.text.HAL_TIM_Base_Init)
    HAL_TIM_Base_MspInit                     0x08001081   Thumb Code    84  tim.o(.text.HAL_TIM_Base_MspInit)
    HAL_TIM_ConfigClockSource                0x080010e1   Thumb Code   224  stm32g0xx_hal_tim.o(.text.HAL_TIM_ConfigClockSource)
    HAL_TIM_IC_CaptureCallback               0x080011c5   Thumb Code     2  stm32g0xx_hal_tim.o(.text.HAL_TIM_IC_CaptureCallback)
    HAL_TIM_IRQHandler                       0x080011c9   Thumb Code   352  stm32g0xx_hal_tim.o(.text.HAL_TIM_IRQHandler)
    HAL_TIM_OC_DelayElapsedCallback          0x0800132d   Thumb Code     2  stm32g0xx_hal_tim.o(.text.HAL_TIM_OC_DelayElapsedCallback)
    HAL_TIM_OnePulse_Init                    0x0800132f   Thumb Code    80  stm32g0xx_hal_tim.o(.text.HAL_TIM_OnePulse_Init)
    HAL_TIM_OnePulse_MspInit                 0x0800137f   Thumb Code     2  stm32g0xx_hal_tim.o(.text.HAL_TIM_OnePulse_MspInit)
    HAL_TIM_PWM_PulseFinishedCallback        0x08001381   Thumb Code     2  stm32g0xx_hal_tim.o(.text.HAL_TIM_PWM_PulseFinishedCallback)
    HAL_TIM_PeriodElapsedCallback            0x08001383   Thumb Code     2  stm32g0xx_hal_tim.o(.text.HAL_TIM_PeriodElapsedCallback)
    HAL_TIM_TriggerCallback                  0x08001385   Thumb Code     2  stm32g0xx_hal_tim.o(.text.HAL_TIM_TriggerCallback)
    HardFault_Handler                        0x08001387   Thumb Code     2  stm32g0xx_it.o(.text.HardFault_Handler)
    MX_GPIO_Init                             0x080013e1   Thumb Code   112  gpio.o(.text.MX_GPIO_Init)
    MX_TIM14_Init                            0x08001455   Thumb Code    56  tim.o(.text.MX_TIM14_Init)
    MX_TIM1_Init                             0x08001495   Thumb Code   104  tim.o(.text.MX_TIM1_Init)
    Macaroon                                 0x08001505   Thumb Code   420  rgb.o(.text.Macaroon)
    Macaroon1                                0x080016b5   Thumb Code   148  rgb.o(.text.Macaroon1)
    NMI_Handler                              0x0800174d   Thumb Code     2  stm32g0xx_it.o(.text.NMI_Handler)
    ONE_CODE                                 0x0800174f   Thumb Code    30  rgb.o(.text.ONE_CODE)
    PendSV_Handler                           0x0800176d   Thumb Code     2  stm32g0xx_it.o(.text.PendSV_Handler)
    RESET_CODE                               0x0800176f   Thumb Code    18  rgb.o(.text.RESET_CODE)
    RGB_jianbian                             0x08001781   Thumb Code   372  rgb.o(.text.RGB_jianbian)
    SVC_Handler                              0x080018f9   Thumb Code     2  stm32g0xx_it.o(.text.SVC_Handler)
    SysTick_Handler                          0x08001925   Thumb Code     8  stm32g0xx_it.o(.text.SysTick_Handler)
    SystemClock_Config                       0x0800192d   Thumb Code   104  main.o(.text.SystemClock_Config)
    SystemInit                               0x08001995   Thumb Code     2  system_stm32g0xx.o(.text.SystemInit)
    TIM14_IRQHandler                         0x08001999   Thumb Code    12  stm32g0xx_it.o(.text.TIM14_IRQHandler)
    TIM1_BRK_UP_TRG_COM_IRQHandler           0x080019a9   Thumb Code    12  stm32g0xx_it.o(.text.TIM1_BRK_UP_TRG_COM_IRQHandler)
    TIM_Base_SetConfig                       0x080019b9   Thumb Code   124  stm32g0xx_hal_tim.o(.text.TIM_Base_SetConfig)
    TIM_ETR_SetConfig                        0x08001a4d   Thumb Code    22  stm32g0xx_hal_tim.o(.text.TIM_ETR_SetConfig)
    ZERO_CODE                                0x08001af1   Thumb Code    60  rgb.o(.text.ZERO_CODE)
    display_rgb                              0x08001c0d   Thumb Code   100  rgb.o(.text.display_rgb)
    flash_read_user_parameter                0x08001c75   Thumb Code    28  flash.o(.text.flash_read_user_parameter)
    flash_save_user_parameter                0x08001c91   Thumb Code    48  flash.o(.text.flash_save_user_parameter)
    main                                     0x08001cc5   Thumb Code    68  main.o(.text.main)
    main_loop                                0x08001d0d   Thumb Code   156  main_loop.o(.text.main_loop)
    one_colour                               0x08001db5   Thumb Code    46  rgb.o(.text.one_colour)
    pl_Flash_PageErase                       0x08001de3   Thumb Code    36  flash.o(.text.pl_Flash_PageErase)
    pl_Flash_ReadWord                        0x08001e07   Thumb Code     4  flash.o(.text.pl_Flash_ReadWord)
    rgb_off                                  0x08001e0b   Thumb Code    22  rgb.o(.text.rgb_off)
    user_parameter_load                      0x08001e21   Thumb Code    28  flash.o(.text.user_parameter_load)
    user_setting_reset                       0x08001e3d   Thumb Code    12  flash.o(.text.user_setting_reset)
    write_data                               0x08001e4d   Thumb Code    36  rgb.o(.text.write_data)
    __scatterload_copy                       0x08001e71   Thumb Code    14  handlers.o(i.__scatterload_copy)
    __scatterload_null                       0x08001e7f   Thumb Code     2  handlers.o(i.__scatterload_null)
    __scatterload_zeroinit                   0x08001e81   Thumb Code    14  handlers.o(i.__scatterload_zeroinit)
    AHBPrescTable                            0x08001e90   Data          64  system_stm32g0xx.o(.rodata.AHBPrescTable)
    EventRecorderInfo                        0x08001ed0   Data          24  eventrecorder.o(.rodata.EventRecorderInfo)
    Region$$Table$$Base                      0x08001f0c   Number         0  anon$$obj.o(Region$$Table)
    Region$$Table$$Limit                     0x08001f2c   Number         0  anon$$obj.o(Region$$Table)
    Macaroon_table                           0x20000000   Data          18  rgb.o(.data.Macaroon_table)
    SystemCoreClock                          0x20000014   Data           4  system_stm32g0xx.o(.data.SystemCoreClock)
    sin180_table                             0x20000018   Data          72  rgb.o(.data.sin180_table)
    sin90_table                              0x20000060   Data          72  rgb.o(.data.sin90_table)
    sin_table                                0x200000a8   Data          72  rgb.o(.data.sin_table)
    uwTickFreq                               0x200000f0   Data           1  stm32g0xx_hal.o(.data.uwTickFreq)
    uwTickPrio                               0x200000f4   Data           4  stm32g0xx_hal.o(.data.uwTickPrio)
    RGB_OFF_Flag                             0x20000100   Data           1  main_loop.o(.bss.RGB_OFF_Flag)
    g_time                                   0x20000102   Data           2  main_loop.o(.bss.g_time)
    htim1                                    0x20000104   Data          76  tim.o(.bss.htim1)
    htim14                                   0x20000150   Data          76  tim.o(.bss.htim14)
    key_value                                0x2000019c   Data           1  key.o(.bss.key_value)
    pFlash                                   0x20000668   Data          28  stm32g0xx_hal_flash.o(.bss.pFlash)
    user_eeprom                              0x20000684   Data          12  flash.o(.bss.user_eeprom)
    uwTick                                   0x20000690   Data           4  stm32g0xx_hal.o(.bss.uwTick)
    __initial_sp                             0x20000a98   Data           0  startup_stm32g030xx.o(STACK)



==============================================================================

Memory Map of the image

  Image Entry point : 0x080000c1

  Load Region LR_IROM1 (Base: 0x08000000, Size: 0x00002040, Max: 0x00008000, ABSOLUTE)

    Execution Region ER_IROM1 (Exec base: 0x08000000, Load base: 0x08000000, Size: 0x00001f2c, Max: 0x00008000, ABSOLUTE)

    Exec Addr    Load Addr    Size         Type   Attr      Idx    E Section Name        Object

    0x08000000   0x08000000   0x000000c0   Data   RO            3    RESET               startup_stm32g030xx.o
    0x080000c0   0x080000c0   0x00000000   Code   RO         1031  * .ARM.Collect$$$$00000000  mc_p.l(entry.o)
    0x080000c0   0x080000c0   0x00000004   Code   RO         1046    .ARM.Collect$$$$00000001  mc_p.l(entry2.o)
    0x080000c4   0x080000c4   0x00000004   Code   RO         1049    .ARM.Collect$$$$00000004  mc_p.l(entry5.o)
    0x080000c8   0x080000c8   0x00000000   Code   RO         1051    .ARM.Collect$$$$00000008  mc_p.l(entry7b.o)
    0x080000c8   0x080000c8   0x00000000   Code   RO         1053    .ARM.Collect$$$$0000000A  mc_p.l(entry8b.o)
    0x080000c8   0x080000c8   0x00000008   Code   RO         1054    .ARM.Collect$$$$0000000B  mc_p.l(entry9a.o)
    0x080000d0   0x080000d0   0x00000000   Code   RO         1056    .ARM.Collect$$$$0000000D  mc_p.l(entry10a.o)
    0x080000d0   0x080000d0   0x00000000   Code   RO         1058    .ARM.Collect$$$$0000000F  mc_p.l(entry11a.o)
    0x080000d0   0x080000d0   0x00000004   Code   RO         1047    .ARM.Collect$$$$00002712  mc_p.l(entry2.o)
    0x080000d4   0x080000d4   0x0000001c   Code   RO            4    .text               startup_stm32g030xx.o
    0x080000f0   0x080000f0   0x00000024   Code   RO         1042    .text               mc_p.l(memseta.o)
    0x08000114   0x08000114   0x0000003e   Code   RO         1064    .text               mc_p.l(uidiv_div0.o)
    0x08000152   0x08000152   0x00000002   PAD
    0x08000154   0x08000154   0x00000024   Code   RO         1070    .text               mc_p.l(init.o)
    0x08000178   0x08000178   0x00000020   Code   RO           62    .text.EXTI4_15_IRQHandler  stm32g0xx_it.o
    0x08000198   0x08000198   0x00000008   Code   RO           15    .text.Error_Handler  main.o
    0x080001a0   0x080001a0   0x00000020   Code   RO          994    .text.EventCheckFilter  eventrecorder.o
    0x080001c0   0x080001c0   0x00000020   Code   RO          980    .text.EventGetTS    eventrecorder.o
    0x080001e0   0x080001e0   0x00000038   Code   RO          998    .text.EventRecord2  eventrecorder.o
    0x08000218   0x08000218   0x000000a0   Code   RO          982    .text.EventRecordItem  eventrecorder.o
    0x080002b8   0x080002b8   0x00000054   Code   RO          978    .text.EventRecorderEnable  eventrecorder.o
    0x0800030c   0x0800030c   0x000000ec   Code   RO          974    .text.EventRecorderInitialize  eventrecorder.o
    0x080003f8   0x080003f8   0x0000002c   Code   RO          984    .text.EventRecorderStart  eventrecorder.o
    0x08000424   0x08000424   0x0000000c   Code   RO          972    .text.EventRecorderTimerGetCount  eventrecorder.o
    0x08000430   0x08000430   0x00000004   Code   RO          970    .text.EventRecorderTimerGetFreq  eventrecorder.o
    0x08000434   0x08000434   0x00000010   Code   RO          968    .text.EventRecorderTimerSetup  eventrecorder.o
    0x08000444   0x08000444   0x00000010   Code   RO          613    .text.FLASH_MassErase  stm32g0xx_hal_flash_ex.o
    0x08000454   0x08000454   0x0000001c   Code   RO          615    .text.FLASH_PageErase  stm32g0xx_hal_flash_ex.o
    0x08000470   0x08000470   0x00000018   Code   RO          578    .text.FLASH_Program_DoubleWord  stm32g0xx_hal_flash.o
    0x08000488   0x08000488   0x00000034   Code   RO          580    .text.FLASH_Program_Fast  stm32g0xx_hal_flash.o
    0x080004bc   0x080004bc   0x00000058   Code   RO          576    .text.FLASH_WaitForLastOperation  stm32g0xx_hal_flash.o
    0x08000514   0x08000514   0x00000010   Code   RO         1010    .text.GetRecordIndex  eventrecorder.o
    0x08000524   0x08000524   0x00000020   Code   RO          878    .text.HAL_Delay     stm32g0xx_hal.o
    0x08000544   0x08000544   0x0000008c   Code   RO          611    .text.HAL_FLASHEx_Erase  stm32g0xx_hal_flash_ex.o
    0x080005d0   0x080005d0   0x00000014   Code   RO          592    .text.HAL_FLASH_Lock  stm32g0xx_hal_flash.o
    0x080005e4   0x080005e4   0x0000006c   Code   RO          574    .text.HAL_FLASH_Program  stm32g0xx_hal_flash.o
    0x08000650   0x08000650   0x00000028   Code   RO          590    .text.HAL_FLASH_Unlock  stm32g0xx_hal_flash.o
    0x08000678   0x08000678   0x00000028   Code   RO          124    .text.HAL_GPIO_EXTI_Falling_Callback  main_loop.o
    0x080006a0   0x080006a0   0x00000028   Code   RO          659    .text.HAL_GPIO_EXTI_IRQHandler  stm32g0xx_hal_gpio.o
    0x080006c8   0x080006c8   0x00000002   Code   RO          661    .text.HAL_GPIO_EXTI_Rising_Callback  stm32g0xx_hal_gpio.o
    0x080006ca   0x080006ca   0x00000002   PAD
    0x080006cc   0x080006cc   0x00000198   Code   RO          647    .text.HAL_GPIO_Init  stm32g0xx_hal_gpio.o
    0x08000864   0x08000864   0x0000000a   Code   RO          651    .text.HAL_GPIO_ReadPin  stm32g0xx_hal_gpio.o
    0x0800086e   0x0800086e   0x00000010   Code   RO          653    .text.HAL_GPIO_WritePin  stm32g0xx_hal_gpio.o
    0x0800087e   0x0800087e   0x00000002   PAD
    0x08000880   0x08000880   0x00000008   Code   RO          870    .text.HAL_GetTick   stm32g0xx_hal.o
    0x08000888   0x08000888   0x00000014   Code   RO          868    .text.HAL_IncTick   stm32g0xx_hal.o
    0x0800089c   0x0800089c   0x00000028   Code   RO          858    .text.HAL_Init      stm32g0xx_hal.o
    0x080008c4   0x080008c4   0x00000044   Code   RO          860    .text.HAL_InitTick  stm32g0xx_hal.o
    0x08000908   0x08000908   0x0000002c   Code   RO           75    .text.HAL_MspInit   stm32g0xx_hal_msp.o
    0x08000934   0x08000934   0x00000008   Code   RO          806    .text.HAL_NVIC_EnableIRQ  stm32g0xx_hal_cortex.o
    0x0800093c   0x0800093c   0x00000008   Code   RO          802    .text.HAL_NVIC_SetPriority  stm32g0xx_hal_cortex.o
    0x08000944   0x08000944   0x00000050   Code   RO          788    .text.HAL_PWREx_ControlVoltageScaling  stm32g0xx_hal_pwr_ex.o
    0x08000994   0x08000994   0x00000174   Code   RO          517    .text.HAL_RCC_ClockConfig  stm32g0xx_hal_rcc.o
    0x08000b08   0x08000b08   0x00000088   Code   RO          519    .text.HAL_RCC_GetSysClockFreq  stm32g0xx_hal_rcc.o
    0x08000b90   0x08000b90   0x00000434   Code   RO          515    .text.HAL_RCC_OscConfig  stm32g0xx_hal_rcc.o
    0x08000fc4   0x08000fc4   0x00000008   Code   RO          818    .text.HAL_SYSTICK_Config  stm32g0xx_hal_cortex.o
    0x08000fcc   0x08000fcc   0x00000002   Code   RO          499    .text.HAL_TIMEx_Break2Callback  stm32g0xx_hal_tim_ex.o
    0x08000fce   0x08000fce   0x00000002   Code   RO          497    .text.HAL_TIMEx_BreakCallback  stm32g0xx_hal_tim_ex.o
    0x08000fd0   0x08000fd0   0x00000002   Code   RO          493    .text.HAL_TIMEx_CommutCallback  stm32g0xx_hal_tim_ex.o
    0x08000fd2   0x08000fd2   0x00000002   PAD
    0x08000fd4   0x08000fd4   0x00000060   Code   RO          477    .text.HAL_TIMEx_MasterConfigSynchronization  stm32g0xx_hal_tim_ex.o
    0x08001034   0x08001034   0x0000004a   Code   RO          159    .text.HAL_TIM_Base_Init  stm32g0xx_hal_tim.o
    0x0800107e   0x0800107e   0x00000002   PAD
    0x08001080   0x08001080   0x00000060   Code   RO           38    .text.HAL_TIM_Base_MspInit  tim.o
    0x080010e0   0x080010e0   0x000000e4   Code   RO          355    .text.HAL_TIM_ConfigClockSource  stm32g0xx_hal_tim.o
    0x080011c4   0x080011c4   0x00000002   Code   RO          295    .text.HAL_TIM_IC_CaptureCallback  stm32g0xx_hal_tim.o
    0x080011c6   0x080011c6   0x00000002   PAD
    0x080011c8   0x080011c8   0x00000164   Code   RO          293    .text.HAL_TIM_IRQHandler  stm32g0xx_hal_tim.o
    0x0800132c   0x0800132c   0x00000002   Code   RO          297    .text.HAL_TIM_OC_DelayElapsedCallback  stm32g0xx_hal_tim.o
    0x0800132e   0x0800132e   0x00000050   Code   RO          257    .text.HAL_TIM_OnePulse_Init  stm32g0xx_hal_tim.o
    0x0800137e   0x0800137e   0x00000002   Code   RO          259    .text.HAL_TIM_OnePulse_MspInit  stm32g0xx_hal_tim.o
    0x08001380   0x08001380   0x00000002   Code   RO          299    .text.HAL_TIM_PWM_PulseFinishedCallback  stm32g0xx_hal_tim.o
    0x08001382   0x08001382   0x00000002   Code   RO          301    .text.HAL_TIM_PeriodElapsedCallback  stm32g0xx_hal_tim.o
    0x08001384   0x08001384   0x00000002   Code   RO          303    .text.HAL_TIM_TriggerCallback  stm32g0xx_hal_tim.o
    0x08001386   0x08001386   0x00000002   Code   RO           54    .text.HardFault_Handler  stm32g0xx_it.o
    0x08001388   0x08001388   0x0000000c   Code   RO         1004    .text.IncrementOverflowTS  eventrecorder.o
    0x08001394   0x08001394   0x0000000c   Code   RO         1018    .text.IncrementRecordsDumped  eventrecorder.o
    0x080013a0   0x080013a0   0x00000010   Code   RO         1016    .text.IncrementRecordsWritten  eventrecorder.o
    0x080013b0   0x080013b0   0x00000030   Code   RO         1012    .text.LockRecord    eventrecorder.o
    0x080013e0   0x080013e0   0x00000074   Code   RO           26    .text.MX_GPIO_Init  gpio.o
    0x08001454   0x08001454   0x00000040   Code   RO           36    .text.MX_TIM14_Init  tim.o
    0x08001494   0x08001494   0x00000070   Code   RO           34    .text.MX_TIM1_Init  tim.o
    0x08001504   0x08001504   0x000001b0   Code   RO          103    .text.Macaroon      rgb.o
    0x080016b4   0x080016b4   0x00000098   Code   RO          105    .text.Macaroon1     rgb.o
    0x0800174c   0x0800174c   0x00000002   Code   RO           52    .text.NMI_Handler   stm32g0xx_it.o
    0x0800174e   0x0800174e   0x0000001e   Code   RO           93    .text.ONE_CODE      rgb.o
    0x0800176c   0x0800176c   0x00000002   Code   RO           58    .text.PendSV_Handler  stm32g0xx_it.o
    0x0800176e   0x0800176e   0x00000012   Code   RO           95    .text.RESET_CODE    rgb.o
    0x08001780   0x08001780   0x00000178   Code   RO          101    .text.RGB_jianbian  rgb.o
    0x080018f8   0x080018f8   0x00000002   Code   RO           56    .text.SVC_Handler   stm32g0xx_it.o
    0x080018fa   0x080018fa   0x00000002   PAD
    0x080018fc   0x080018fc   0x00000028   Code   RO          820    .text.SysTick_Config  stm32g0xx_hal_cortex.o
    0x08001924   0x08001924   0x00000008   Code   RO           60    .text.SysTick_Handler  stm32g0xx_it.o
    0x0800192c   0x0800192c   0x00000068   Code   RO           13    .text.SystemClock_Config  main.o
    0x08001994   0x08001994   0x00000002   Code   RO          953    .text.SystemInit    system_stm32g0xx.o
    0x08001996   0x08001996   0x00000002   PAD
    0x08001998   0x08001998   0x00000010   Code   RO           66    .text.TIM14_IRQHandler  stm32g0xx_it.o
    0x080019a8   0x080019a8   0x00000010   Code   RO           64    .text.TIM1_BRK_UP_TRG_COM_IRQHandler  stm32g0xx_it.o
    0x080019b8   0x080019b8   0x00000094   Code   RO          163    .text.TIM_Base_SetConfig  stm32g0xx_hal_tim.o
    0x08001a4c   0x08001a4c   0x00000016   Code   RO          353    .text.TIM_ETR_SetConfig  stm32g0xx_hal_tim.o
    0x08001a62   0x08001a62   0x00000002   PAD
    0x08001a64   0x08001a64   0x00000014   Code   RO          359    .text.TIM_ITRx_SetConfig  stm32g0xx_hal_tim.o
    0x08001a78   0x08001a78   0x00000022   Code   RO          357    .text.TIM_TI1_ConfigInputStage  stm32g0xx_hal_tim.o
    0x08001a9a   0x08001a9a   0x00000026   Code   RO          361    .text.TIM_TI2_ConfigInputStage  stm32g0xx_hal_tim.o
    0x08001ac0   0x08001ac0   0x00000026   Code   RO         1014    .text.UnlockRecord  eventrecorder.o
    0x08001ae6   0x08001ae6   0x00000008   Code   RO         1002    .text.UpdateTS      eventrecorder.o
    0x08001aee   0x08001aee   0x00000002   PAD
    0x08001af0   0x08001af0   0x00000044   Code   RO           91    .text.ZERO_CODE     rgb.o
    0x08001b34   0x08001b34   0x00000018   Code   RO          808    .text.__NVIC_EnableIRQ  stm32g0xx_hal_cortex.o
    0x08001b4c   0x08001b4c   0x00000040   Code   RO          804    .text.__NVIC_SetPriority  stm32g0xx_hal_cortex.o
    0x08001b8c   0x08001b8c   0x0000001c   Code   RO         1008    .text.atomic_inc32  eventrecorder.o
    0x08001ba8   0x08001ba8   0x00000020   Code   RO         1006    .text.atomic_xch32  eventrecorder.o
    0x08001bc8   0x08001bc8   0x00000044   Code   RO          976    .text.crc16_ccitt   eventrecorder.o
    0x08001c0c   0x08001c0c   0x00000068   Code   RO          107    .text.display_rgb   rgb.o
    0x08001c74   0x08001c74   0x0000001c   Code   RO          142    .text.flash_read_user_parameter  flash.o
    0x08001c90   0x08001c90   0x00000034   Code   RO          144    .text.flash_save_user_parameter  flash.o
    0x08001cc4   0x08001cc4   0x00000048   Code   RO           11    .text.main          main.o
    0x08001d0c   0x08001d0c   0x000000a8   Code   RO          126    .text.main_loop     main_loop.o
    0x08001db4   0x08001db4   0x0000002e   Code   RO           99    .text.one_colour    rgb.o
    0x08001de2   0x08001de2   0x00000024   Code   RO          140    .text.pl_Flash_PageErase  flash.o
    0x08001e06   0x08001e06   0x00000004   Code   RO          138    .text.pl_Flash_ReadWord  flash.o
    0x08001e0a   0x08001e0a   0x00000016   Code   RO          109    .text.rgb_off       rgb.o
    0x08001e20   0x08001e20   0x0000001c   Code   RO          148    .text.user_parameter_load  flash.o
    0x08001e3c   0x08001e3c   0x00000010   Code   RO          146    .text.user_setting_reset  flash.o
    0x08001e4c   0x08001e4c   0x00000024   Code   RO           97    .text.write_data    rgb.o
    0x08001e70   0x08001e70   0x0000000e   Code   RO         1074    i.__scatterload_copy  mc_p.l(handlers.o)
    0x08001e7e   0x08001e7e   0x00000002   Code   RO         1075    i.__scatterload_null  mc_p.l(handlers.o)
    0x08001e80   0x08001e80   0x0000000e   Code   RO         1076    i.__scatterload_zeroinit  mc_p.l(handlers.o)
    0x08001e8e   0x08001e8e   0x00000002   PAD
    0x08001e90   0x08001e90   0x00000040   Data   RO          958    .rodata.AHBPrescTable  system_stm32g0xx.o
    0x08001ed0   0x08001ed0   0x00000018   Data   RO         1023    .rodata.EventRecorderInfo  eventrecorder.o
    0x08001ee8   0x08001ee8   0x00000013   Data   RO           17    .rodata.str1.1      main.o
    0x08001efb   0x08001efb   0x00000011   Data   RO          115    .rodata.str1.1      rgb.o
    0x08001f0c   0x08001f0c   0x00000020   Data   RO         1073    Region$$Table       anon$$obj.o


    Execution Region RW_IRAM1 (Exec base: 0x20000000, Load base: 0x08001f40, Size: 0x00000a98, Max: 0x00002000, ABSOLUTE)

    Exec Addr    Load Addr    Size         Type   Attr      Idx    E Section Name        Object

    0x20000000   0x08001f40   0x00000012   Data   RW          111    .data.Macaroon_table  rgb.o
    0x20000012   0x08001f52   0x00000002   PAD
    0x20000014   0x08001f54   0x00000004   Data   RW          957    .data.SystemCoreClock  system_stm32g0xx.o
    0x20000018   0x08001f58   0x00000048   Data   RW          114    .data.sin180_table  rgb.o
    0x20000060   0x08001fa0   0x00000048   Data   RW          113    .data.sin90_table   rgb.o
    0x200000a8   0x08001fe8   0x00000048   Data   RW          112    .data.sin_table     rgb.o
    0x200000f0   0x08002030   0x00000001   Data   RW          917    .data.uwTickFreq    stm32g0xx_hal.o
    0x200000f1   0x08002031   0x00000003   PAD
    0x200000f4   0x08002034   0x00000004   Data   RW          916    .data.uwTickPrio    stm32g0xx_hal.o
    0x200000f8   0x08002038   0x00000008   PAD
    0x20000100        -       0x00000001   Zero   RW          128    .bss.RGB_OFF_Flag   main_loop.o
    0x20000101   0x08002038   0x00000001   PAD
    0x20000102        -       0x00000002   Zero   RW          129    .bss.g_time         main_loop.o
    0x20000104        -       0x0000004c   Zero   RW           42    .bss.htim1          tim.o
    0x20000150        -       0x0000004c   Zero   RW           43    .bss.htim14         tim.o
    0x2000019c        -       0x00000001   Zero   RW           83    .bss.key_value      key.o
    0x2000019d   0x08002038   0x00000023   PAD
    0x200001c0        -       0x000004a8   Zero   RW         1022    .bss.noinit         eventrecorder.o
    0x20000668        -       0x0000001c   Zero   RW          602    .bss.pFlash         stm32g0xx_hal_flash.o
    0x20000684        -       0x0000000c   Zero   RW          150    .bss.user_eeprom    flash.o
    0x20000690        -       0x00000004   Zero   RW          918    .bss.uwTick         stm32g0xx_hal.o
    0x20000694   0x08002038   0x00000004   PAD
    0x20000698        -       0x00000400   Zero   RW            1    STACK               startup_stm32g030xx.o


==============================================================================

Image component sizes


      Code (inc. data)   RO Data    RW Data    ZI Data      Debug   Object Name

       954         48         24          0       1192      10504   eventrecorder.o
       164          8          0          0         12       2341   flash.o
       116          4          0          0          0       2490   gpio.o
         0          0          0          0          1        397   key.o
       184          4         19          0          0       1650   main.o
       208         20          0          0          3       1544   main_loop.o
      1284         56         17        234          0       5494   rgb.o
        28          8        192          0       1024        616   startup_stm32g030xx.o
       168          8          0          5          4       6775   stm32g0xx_hal.o
       152         16          0          0          0       6869   stm32g0xx_hal_cortex.o
       332         28          0          0         28       5496   stm32g0xx_hal_flash.o
       184          8          0          0          0       5116   stm32g0xx_hal_flash_ex.o
       476         24          0          0          0       4731   stm32g0xx_hal_gpio.o
        44          4          0          0          0       1258   stm32g0xx_hal_msp.o
        80          8          0          0          0       4843   stm32g0xx_hal_pwr_ex.o
      1584         80          0          0          0       8634   stm32g0xx_hal_rcc.o
      1012         36          0          0          0      50163   stm32g0xx_hal_tim.o
       102          4          0          0          0      22921   stm32g0xx_hal_tim_ex.o
        80         12          0          0          0       1166   stm32g0xx_it.o
         2          0         64          4          0       1935   system_stm32g0xx.o
       272         28          0          0        152       6313   tim.o

    ----------------------------------------------------------------------
      7444        404        348        248       2464     151256   Object Totals
         0          0         32          0          0          0   (incl. Generated)
        18          0          0          5         48          0   (incl. Padding)

    ----------------------------------------------------------------------

      Code (inc. data)   RO Data    RW Data    ZI Data      Debug   Library Member Name

         0          0          0          0          0          0   entry.o
         0          0          0          0          0          0   entry10a.o
         0          0          0          0          0          0   entry11a.o
         8          4          0          0          0          0   entry2.o
         4          0          0          0          0          0   entry5.o
         0          0          0          0          0          0   entry7b.o
         0          0          0          0          0          0   entry8b.o
         8          4          0          0          0          0   entry9a.o
        30          0          0          0          0          0   handlers.o
        36          8          0          0          0         68   init.o
        36          0          0          0          0        100   memseta.o
        62          0          0          0          0         72   uidiv_div0.o

    ----------------------------------------------------------------------
       188         16          0          0          0        240   Library Totals
         4          0          0          0          0          0   (incl. Padding)

    ----------------------------------------------------------------------

      Code (inc. data)   RO Data    RW Data    ZI Data      Debug   Library Name

       184         16          0          0          0        240   mc_p.l

    ----------------------------------------------------------------------
       188         16          0          0          0        240   Library Totals

    ----------------------------------------------------------------------

==============================================================================


      Code (inc. data)   RO Data    RW Data    ZI Data      Debug   

      7632        420        348        248       2464     151360   Grand Totals
      7632        420        348        248       2464     151360   ELF Image Totals
      7632        420        348        248          0          0   ROM Totals

==============================================================================

    Total RO  Size (Code + RO Data)                 7980 (   7.79kB)
    Total RW  Size (RW Data + ZI Data)              2712 (   2.65kB)
    Total ROM Size (Code + RO Data + RW Data)       8228 (   8.04kB)

==============================================================================

